[xbt-explorer.s3na.xyz/index.html]
[backblue.gif]
[fade.gif]
[index.html]
[xbt-explorer.s3na.xyz/favicon-32.png]
[xbt-explorer.s3na.xyz/favicon-128.png]
[xbt-explorer.s3na.xyz/favicon-180.png]
[xbt-explorer.s3na.xyz/favicon-192.png]
[xbt-explorer.s3na.xyz/css/themes/darkly/bootstrap.min9723.css]
[xbt-explorer.s3na.xyz/css/style.min9723.css]
[xbt-explorer.s3na.xyz/js/custom.js]
[xbt-explorer.s3na.xyz/img/header-logo.png]
[xbt-explorer.s3na.xyz/movement.html]
[xbt-explorer.s3na.xyz/network.html]
[xbt-explorer.s3na.xyz/richlist.html]
[xbt-explorer.s3na.xyz/info.html]
[xbt-explorer.s3na.xyz/claim.html]
[xbt-explorer.s3na.xyz/orphans.html]
[xbt-explorer.s3na.xyz/index.html]
[xbt-explorer.s3na.xyz/css/themes/darkly/bootstrap.min9723.css]
[xbt-explorer.s3na.xyz/css/style.min9723.css]
[xbt-explorer.s3na.xyz/css/custom.min9723.css]
[xbt-explorer.s3na.xyz/movement.html]
[xbt-explorer.s3na.xyz/network.html]
[xbt-explorer.s3na.xyz/img/page-title-img.png]
[xbt-explorer.s3na.xyz/address/1BtK4w7yuvtWEqmMJcjW6DqWuqXBWii2ZC.html]
[xbt-explorer.s3na.xyz/address/12higDjoCCNXSA95xZMWUdPvXNmkAduhWv.html]
[xbt-explorer.s3na.xyz/address/1JiTbxqmmkC9izgpC9QLcqGWbQs42PtC7r.html]
[xbt-explorer.s3na.xyz/address/1Bwk9fkg5K8uXSszxRmsowvwk5poC7rArC.html]
[xbt-explorer.s3na.xyz/address/19eJDWL3j3ABd17imWAZjmmPa6FGYGARL7.html]
[xbt-explorer.s3na.xyz/address/1nBy5Z1PbAoXvDdJTs4XtfD9H6xnt8uLK.html]
[xbt-explorer.s3na.xyz/address/1Cp18yeabUg14CNp2HGwKisDoixiGgzmeT.html]
[xbt-explorer.s3na.xyz/address/1CEsK34o5EKSM4XB4aEpSqnK8MmyPYZnNZ.html]
[xbt-explorer.s3na.xyz/address/1NYKUib4HVPAeJiHagfpKiQCK4GwZDrAv.html]
[xbt-explorer.s3na.xyz/address/1NJWs6g6hQsgxqtpRxXLhZJwHYhH2P2bvx.html]
[xbt-explorer.s3na.xyz/address/1Nk4i33Y1EBiVv3jDVWungFihykkEzZju.html]
[xbt-explorer.s3na.xyz/address/17CJvRrNdqSPN3Zs2dWfNY6GoCiMRfNG2T.html]
[xbt-explorer.s3na.xyz/address/14CaTH9uYsNtULLm5n231yJbiufFHz2EQq.html]
[xbt-explorer.s3na.xyz/address/1MoQZ9fFz9QQYM3pt8z9Xs99jNPwfSzMEu.html]
[xbt-explorer.s3na.xyz/address/1s4pPJap3eCRLdgxwSKTW5gxeuXZKrRT4.html]
[xbt-explorer.s3na.xyz/address/199QiJj1miojVSAop7gpAamscHd77r12ET.html]
[xbt-explorer.s3na.xyz/address/12ib7dApVFvg82TXKycWBNpN8kFyiAN1dr.html]
[xbt-explorer.s3na.xyz/address/1GsGdtcrD4xKHHpuB3gNGxonak8oqGAWp7.html]
[xbt-explorer.s3na.xyz/address/1CHqbpBHCmtDyoCiczsR3paTkRDyb1hPSX.html]
[xbt-explorer.s3na.xyz/address/12tkqA9xSoowkzoERHMWNKsTey55YEBqkv.html]
[xbt-explorer.s3na.xyz/address/1KiqpqG9UwMhcc9pHGFXpz25H7wyNqQff9.html]
[xbt-explorer.s3na.xyz/address/1Pw48g5zwghYtYUhfjMppxxZnzaUu8ognh.html]
[xbt-explorer.s3na.xyz/address/17qpKNSNDpReWkPt7YdGoAzEnyeau3hhbE.html]
[xbt-explorer.s3na.xyz/address/14o3HbKWdgpeMrX6fwWE95nR6XRBFMKsfp.html]
[xbt-explorer.s3na.xyz/address/1AxP9ex3rm2LpsdM5NZ4ed3qT4asVX6E72.html]
[xbt-explorer.s3na.xyz/address/15oCtt4tujaUQr1JicBqePsTg5Mz7AN3Ma.html]
[xbt-explorer.s3na.xyz/address/1DwKJ6me7hppsrUbGJV9mQLGn5tsoWgs5p.html]
[xbt-explorer.s3na.xyz/address/1YCgphExCfmKpNpyWE4LPWTmBbtmQHa4u.html]
[xbt-explorer.s3na.xyz/address/1GdVp8gMW2MjK3L8gNWXLR8uRNFfB4Qex3.html]
[xbt-explorer.s3na.xyz/address/1Bzfj8CAB6stiTnmhzHQhLybPHTXP75AJ7.html]
[xbt-explorer.s3na.xyz/address/1GDghSRJegKr4EpVRtFx7rCNHsh94X4wbr.html]
[xbt-explorer.s3na.xyz/address/1L32QXidyHxok23c7xzjHWWWBJm343WrpF.html]
[xbt-explorer.s3na.xyz/address/1BqJLvtXpWUQ72WGs7QkSbmbunboTU6fDU.html]
[xbt-explorer.s3na.xyz/address/16oERJ8W1Q4rKfQgWoeTZxgYxvWqarPuCA.html]
[xbt-explorer.s3na.xyz/address/1ETcR4GvfRENL4Q3V1GLBzpJ7j2dNbRyuC.html]
[xbt-explorer.s3na.xyz/address/1FeSRnut5MS2BdVbrLDN3jWzJZaS7EVBbU.html]
[xbt-explorer.s3na.xyz/address/18U44wNBMSR5KrPpathaQXp9C5Su1jVpKd.html]
[xbt-explorer.s3na.xyz/address/1K1MjKdRsj4T3Tdr7DXdPJCYuUPw8US72f.html]
[xbt-explorer.s3na.xyz/address/1PeizMg76Cf96nUQrYg8xuoZWLQozU5zGW.html]
[xbt-explorer.s3na.xyz/address/1B1wPLyrJ831sg1D8hnZLBG7SejXbqMMrH.html]
[xbt-explorer.s3na.xyz/address/1Bk1e3Mcoggwz6REprVqCS9uGaH6B5EDiv.html]
[xbt-explorer.s3na.xyz/address/19k8nToWwMGuF4HkNpzgoVAYk4viBnEs5D.html]
[xbt-explorer.s3na.xyz/address/1PLkiRpaizMKr3U1oMN4cj6kTR7B3pWr1u.html]
[xbt-explorer.s3na.xyz/address/1N7mAUZwHw5F3rgVRL7UpPWNZbomtbhQDy.html]
[xbt-explorer.s3na.xyz/address/15TBLRjjPFSvpqtKXiQj5mBy8QEJw7oKzc.html]
[xbt-explorer.s3na.xyz/address/19n1JqKDnoqcc34HA3fdgzNxczic6Hu5Pi.html]
[xbt-explorer.s3na.xyz/address/1P8tkiZvGrXWvEDs98ZpshyNbudcHZCzSD.html]
[xbt-explorer.s3na.xyz/address/18qXSkiudy9dBNB7eYQJR689vqkjATnSCt.html]
[xbt-explorer.s3na.xyz/address/14HpieZ4xQGfSfZ3CNNBW6qp94ShDvPYbj.html]
[xbt-explorer.s3na.xyz/address/12JQ6hfg2s31XLbfeSKtKKFoHXaBGJJH5W.html]
[xbt-explorer.s3na.xyz/address/1DBTHzQSLhLepXrP4mziuiGGQvokKXcEcS.html]
[xbt-explorer.s3na.xyz/address/17CAAKnjpvhRgSMPQ5Z2zNmFSJYbL9jPi3.html]
[xbt-explorer.s3na.xyz/address/12vZ9sYVvRmUhLQi5iEdF8qYVcdgcQ57vp.html]
[xbt-explorer.s3na.xyz/address/1QBFtmtSzwGMYS8gjc3xkr3U2GEWWmRJXz.html]
[xbt-explorer.s3na.xyz/address/1BeLzz6PK942LYuhNjB7SUcqS9DShViTmb.html]
[xbt-explorer.s3na.xyz/address/1ELScvQWtQVj219DhcNafgZrDqtR6gX6Vd.html]
[xbt-explorer.s3na.xyz/address/18sFHF3eD25uSRrASfoPBKBaTHjk3N1cWc.html]
[xbt-explorer.s3na.xyz/address/19PLxYWWhfW3LDPk5g1qscUt3DTvGPA4d.html]
[xbt-explorer.s3na.xyz/address/1LGThcZhhRaPcQv6JCyUCjrzhmLwSwoN4G.html]
[xbt-explorer.s3na.xyz/address/1M6jdbyUvpMa54QFSyFygyH823drPRnpVb.html]
[xbt-explorer.s3na.xyz/address/1PCeb2B4vRSyD2S9YsAErgNDTqCmBzdpco.html]
[xbt-explorer.s3na.xyz/address/1MYTeo278NMEtJ3ihTpJLN1yEZVwdhXQsq.html]
[xbt-explorer.s3na.xyz/address/1FMobzpPJ7oGf5mK8fbTiTM2WetUm7t4Ye.html]
[xbt-explorer.s3na.xyz/address/1JTS3v5UVCaq1cRYSwzpfoKCdyjUfEU59o.html]
[xbt-explorer.s3na.xyz/address/1FKVYQ37Ku2C5LVTs7wwz64tDFmJf8ouMs.html]
[xbt-explorer.s3na.xyz/address/1EGYwUAgYWsvj39qUaogyxqAcqABXQdqXT.html]
[xbt-explorer.s3na.xyz/address/1HYGzEjtQsmrhBAf19nd9eNvcz34RAzhRc.html]
[xbt-explorer.s3na.xyz/address/141tFf7wKP8MpC48TYoWi7MeQcQVxFJ9LT.html]
[xbt-explorer.s3na.xyz/address/1CZrFKSoqRZfv8nH15gzMmMTAQdqyQS2xg.html]
[xbt-explorer.s3na.xyz/address/16LNyDKLFTyuvJVQdfe4pSZsan4SErQFG.html]
[xbt-explorer.s3na.xyz/address/1BMT9FXbKQc9f6PWFZeKKbtPEd5JSSwLVH.html]
[xbt-explorer.s3na.xyz/address/14iESWwr9hLugqVD6bGVGCUjindHEweiH4.html]
[xbt-explorer.s3na.xyz/address/14xZRjQBVj78mmpz1hQFBtbTtN8aeeoN4x.html]
[xbt-explorer.s3na.xyz/address/18CuCQzQ1PVVX81nK6QeRZi5PRrtcafAb8.html]
[xbt-explorer.s3na.xyz/address/1DPDxCEzaZixvTSrZABKtVfFJEhkFKcBcQ.html]
[xbt-explorer.s3na.xyz/address/1MGZkTPaTiAtn4spPNLZb4rmhmMwVBwKoN.html]
[xbt-explorer.s3na.xyz/address/12DZjBLZQpU2pJGqNfuQscMMkxfTe2ozzN.html]
[xbt-explorer.s3na.xyz/address/1LUPDXYf9XD9Ee1AqCuM3gZCA3ZMKgTcgw.html]
[xbt-explorer.s3na.xyz/address/194UU2RxAV7wZJ3bUTpQ8TeRReUSASrHU6.html]
[xbt-explorer.s3na.xyz/address/19vcWM6EEbQHVdN2W8NXv9ySgsPjbZ6gU3.html]
[xbt-explorer.s3na.xyz/address/14pcDH1HASdMBHH5bPzn1c4xrRdLV8JofQ.html]
[xbt-explorer.s3na.xyz/address/195ira4St8fdHNr1QVwyFNsuh9sx1zfrRi.html]
[xbt-explorer.s3na.xyz/address/1P84ALWnwZMs8Z3J4KLftKSfBeSdcsYQPq.html]
[xbt-explorer.s3na.xyz/address/1B5rXopXmedqWKkNV9XNxCwkKNZMbSURUM.html]
[xbt-explorer.s3na.xyz/address/1LQ4kgSZ1wymSh4AAvjpA4mkoy98FphXZL.html]
[xbt-explorer.s3na.xyz/address/1C7uDMzhmdgSDE8A2oa8BSakf2BBVaTDts.html]
[xbt-explorer.s3na.xyz/address/16HC2oNNjmhXgGqf4YYZwSfRK4meVpAGm7.html]
[xbt-explorer.s3na.xyz/address/1FLfZpiqHCmTsP5jqWW2hWkjzzxNbbnBBb.html]
[xbt-explorer.s3na.xyz/address/1U1jTCGkQYRaDVStZdDHMFWUMoSJi4HSc.html]
[xbt-explorer.s3na.xyz/address/1HLvaTs3zR3oev9ya7Pzp3GB9Gqfg6XYJT.html]
[xbt-explorer.s3na.xyz/address/132FvUw1fAEoTULtn4jAfv6DvsWvCoifPR.html]
[xbt-explorer.s3na.xyz/address/1HayFCSK1mkQP7Q8xQ26SCpBL9fJWLQYse.html]
[xbt-explorer.s3na.xyz/address/1KCg9DuHYQgH7jkmLanCJioU3DrDawy4ab.html]
[xbt-explorer.s3na.xyz/address/1Lu18Yf1KXBCvQw4C9MGRkHyw3CW3W3UTP.html]
[xbt-explorer.s3na.xyz/address/167ZWTT8n6s4ya8cGjqNNQjDwDGY31vmHg.html]
[xbt-explorer.s3na.xyz/address/1MFA2FzeHgNRY5dGGiQtPxJx3LEKBit7UP.html]
[xbt-explorer.s3na.xyz/address/13uraL1Maba7obbhkdB4pjsqMyvqrcTeeD.html]
[xbt-explorer.s3na.xyz/address/1FieTTbyZAP8AxhEqoBiUzpQQAzyA3SL3Q.html]
[xbt-explorer.s3na.xyz/address/1Cuju1Sw97U1SYSYuBiMdJz3NPrjNEzJtP.html]
[xbt-explorer.s3na.xyz/address/1Cx9EMkog8yqzAZCmkG8yR5wFZzyT63tMp.html]
[xbt-explorer.s3na.xyz/address/1KJTMnVcfUe86SeSFWN3cgprkfcu7Q2wLN.html]
[xbt-explorer.s3na.xyz/address/1Bw1hpkUrTKRmrwJBGdZTenoFeX63zrq33.html]
[xbt-explorer.s3na.xyz/address/151afokcfNi36j8avbvU5xM253AWkxQQsd.html]
[xbt-explorer.s3na.xyz/address/13fZzb9M5MKEtBQTsH5EdwuzXXrBM8VYsV.html]
[xbt-explorer.s3na.xyz/address/1CMgkhVxRMSRCPTQTjgadcC5TgkoLxGiT9.html]
[xbt-explorer.s3na.xyz/address/138eoqfNcEdeU9EG9CKfAxnYYz62uHRNrA.html]
[xbt-explorer.s3na.xyz/address/1JUgc68u6rKFaonCDhY9QNVjSruYW2EN2n.html]
[xbt-explorer.s3na.xyz/address/1EMPhwUXHGURtSdt5zidbV3zPKruDTKYX9.html]
[xbt-explorer.s3na.xyz/address/1CX8b4KNtWAfmkXyDipzPHnpTmxRDoBWrQ.html]
[xbt-explorer.s3na.xyz/address/1XPTgDRhN8RFnzniWCddobD9iKZatrvH4.html]
[xbt-explorer.s3na.xyz/address/1CRZpkKKAt7G5uiK4JPBjBJGnozgiatFAs.html]
[xbt-explorer.s3na.xyz/address/15qW4a2vTWmxNbYKnnriy9exyxdqQKa8PE.html]
[xbt-explorer.s3na.xyz/address/16WvoYoAdPRja4g5SnKxiXmGxXKTj41toS.html]
[xbt-explorer.s3na.xyz/address/1EbSvJS9ndHdrXpH5UQ6wKNL2QefHhv1gi.html]
[xbt-explorer.s3na.xyz/address/14MFncuroYDRpYuiB8uMG9ohV7Ky1Y1Ji5.html]
[xbt-explorer.s3na.xyz/address/1CazSk3Xf9Dx6rdoPPX6WDCZi9nrP3TdL7.html]
[xbt-explorer.s3na.xyz/address/13wZknpKnQfQXbtMzAqsyQNNGqiSjx6nEi.html]
[xbt-explorer.s3na.xyz/address/1Gx4uS1wVKobzYxZ6nST7LHRZRZp9RdKSq.html]
[xbt-explorer.s3na.xyz/address/1Qq9AKuMRbYdUY4hsM6q4fsCqkM6HZ7CU.html]
[xbt-explorer.s3na.xyz/address/14PtMrZnpojXLX1JME6ckRFcEByg1Sp7mt.html]
[xbt-explorer.s3na.xyz/address/1Npv7jaqqSpY6zHk4cdXzA8AFQyAYKSMdh.html]
[xbt-explorer.s3na.xyz/address/1HTUNHDdppSB3sRy72wpiWsgtkdgkcJ1pF.html]
[xbt-explorer.s3na.xyz/address/1Au8E6Ursr4zH8x4hpAKSCMyTMbWGAtMLy.html]
[xbt-explorer.s3na.xyz/address/1BxR4uXDZzgFbTsjceezZSBVvNChjgsve1.html]
[xbt-explorer.s3na.xyz/address/17FC81bQxkGTtg66Gz5aViXTry3tWhEHMY.html]
[xbt-explorer.s3na.xyz/address/1Q3oJC2VnooBa3GqjpiQTfCjQXBycGvsP5.html]
[xbt-explorer.s3na.xyz/address/19ZFpEPcdijxoBtPdfjts9MhwBcLx2C4Js.html]
[xbt-explorer.s3na.xyz/address/15nyKuXKiKZaf6icpS64MBCb2erCgXh3i7.html]
[xbt-explorer.s3na.xyz/address/1KHALsFTQNeke4Ky5iuAWPMBf3yRXky4us.html]
[xbt-explorer.s3na.xyz/address/1CumVd3NXcFwTsudmiFfLmiUrceGm3JWYL.html]
[xbt-explorer.s3na.xyz/address/1Ff2xcJtfWWiNRCTUuTng6TJQm3g8h61Y2.html]
[xbt-explorer.s3na.xyz/address/1GEECfBjkeUMCf3TNWCHvXZKKjnjjra7tC.html]
[xbt-explorer.s3na.xyz/address/1PREkEVoQcNa6rrB8W22PWPYzjFxiq42RH.html]
[xbt-explorer.s3na.xyz/address/1MTj72v3pzQeJnovwTprMNjk6RmpfvGFvd.html]
[xbt-explorer.s3na.xyz/address/1JXDsdqAvycH51ApezTSUwV2NcEpwjoAqp.html]
[xbt-explorer.s3na.xyz/address/1PcpTYxwRMPH1AtSdqZzkh5xXqp6rVbb8m.html]
[xbt-explorer.s3na.xyz/address/1MM2Mzh9QEKVzr2j32CUfoAxDFC3a99tZf.html]
[xbt-explorer.s3na.xyz/address/1FS2XourAy6DnwAcuGMcttTTM8tNb37S2y.html]
[xbt-explorer.s3na.xyz/address/16FKV52jxqZdqcy4u68isDX7TAtVvQX65B.html]
[xbt-explorer.s3na.xyz/address/1KMd92y2i7BSP2DNx2SnNNKQHDzvjsrq9S.html]
[xbt-explorer.s3na.xyz/address/1HrR42k1JRLFvWJcmauqKuRG43ACg2pJRV.html]
[xbt-explorer.s3na.xyz/address/1GcmjSaaMq3bUSHxxHLM7YCgTPvg7nNQHE.html]
[xbt-explorer.s3na.xyz/address/14oqmGqxGuLJDaLjDHDe8irkMnZpxScLbv.html]
[xbt-explorer.s3na.xyz/address/1Bijt62JjpKkpYXLfHjR7hRMtC5RdiLgke.html]
[xbt-explorer.s3na.xyz/address/1FbKpEG1B6YKYsAc2REurboHGotyTmHeNQ.html]
[xbt-explorer.s3na.xyz/address/1BSjiJY5mzqVpW1Jd97Tcrd1ySnYRkAj7x.html]
[xbt-explorer.s3na.xyz/address/14rnn1tqFmbmBfHA775rubZAqJ82SyGwwf.html]
[xbt-explorer.s3na.xyz/address/1LgsbKRKTcw7gYohUwntSUh6rtEWShxSH8.html]
[xbt-explorer.s3na.xyz/address/17SPJ7SpYpGC8x9BBxu9wHoWuapVKytMnM.html]
[xbt-explorer.s3na.xyz/address/15FJXmigvEzfD7S9cR4PiZHC9jrrC31Jbe.html]
[xbt-explorer.s3na.xyz/address/1KaWRUY2d4Pm3fwDVcpBdCTULB1DnwqenR.html]
[xbt-explorer.s3na.xyz/address/1CHHSwTyPe7frg8fy4YXRrFg1EGqfUAPDb.html]
[xbt-explorer.s3na.xyz/address/1dqKLRofDVj5KaMj2EkdiPCUuc6TZ7BRe.html]
[xbt-explorer.s3na.xyz/address/1J2PWknrDJRY2gRmPkbvrUjgEjEDWpJtf1.html]
[xbt-explorer.s3na.xyz/address/1BVMFfPXJy2TY1x6wm8gow3N5Amw4Etm5h.html]
[xbt-explorer.s3na.xyz/address/1L8zfQGHsbQLegNxChf4HWRETTGtWuPxgN.html]
[xbt-explorer.s3na.xyz/address/1P4Ce6KobTd5Ga2q4saf53PRPEf4tCmheK.html]
[xbt-explorer.s3na.xyz/address/1LkukeTemkYDxKXxkTRit6XpTVuApnw31V.html]
[xbt-explorer.s3na.xyz/address/13MvQ8VcpBTcELfWEpMX5NQu27kcDcNqJf.html]
[xbt-explorer.s3na.xyz/address/1AzAzX2c6wRHo2Hkv8eib7ft9z3ppq8vvL.html]
[xbt-explorer.s3na.xyz/address/16GJ6iK1S2R8XV4tjwbRzvThUUQTXYqrhW.html]
[xbt-explorer.s3na.xyz/address/1Mzsy7jocgs4vRNh5XQeYCE3YAoQTvEJGA.html]
[xbt-explorer.s3na.xyz/richlist.html]
[xbt-explorer.s3na.xyz/address/1NHKSD59iAGX5ZAGGMKuLrBySQDfN1gQC7.html]
[xbt-explorer.s3na.xyz/img/logo.png]
[xbt-explorer.s3na.xyz/api/getdifficulty]
[xbt-explorer.s3na.xyz/api/getconnectioncount]
[xbt-explorer.s3na.xyz/api/getblockcount]
[xbt-explorer.s3na.xyz/api/getblockhash3abf]
[xbt-explorer.s3na.xyz/api/getblock4e16.html]
[xbt-explorer.s3na.xyz/api/getrawtransaction9c64.html]
[xbt-explorer.s3na.xyz/api/getrawtransaction4644.html]
[xbt-explorer.s3na.xyz/api/getnetworkhashps]
[xbt-explorer.s3na.xyz/api/getvotelist.html]
[xbt-explorer.s3na.xyz/ext/getmoneysupply]
[xbt-explorer.s3na.xyz/ext/getdistribution.json]
[xbt-explorer.s3na.xyz/ext/getaddress/7XmamKonvce9CXdpynoavP7Yj2VCFBpJ8o.json]
[xbt-explorer.s3na.xyz/ext/getaddresstxs/7XmamKonvce9CXdpynoavP7Yj2VCFBpJ8o/0/50.json]
[xbt-explorer.s3na.xyz/ext/gettx/b3fff0a01351cfa01ab8ec2c384adb67dca74a98a5665bef1600b87f9ba5f617.json]
[xbt-explorer.s3na.xyz/ext/getbalance/7XmamKonvce9CXdpynoavP7Yj2VCFBpJ8o.json]
[xbt-explorer.s3na.xyz/ext/getlasttxs/100/0/100.json]
[xbt-explorer.s3na.xyz/ext/getcurrentprice.json]
[xbt-explorer.s3na.xyz/ext/getnetworkpeers.json]
[xbt-explorer.s3na.xyz/ext/getbasicstats.json]
[xbt-explorer.s3na.xyz/ext/getsummary.json]
[xbt-explorer.s3na.xyz/tx/b3fff0a01351cfa01ab8ec2c384adb67dca74a98a5665bef1600b87f9ba5f617.html]
[xbt-explorer.s3na.xyz/block/f58cf5e9645f407522e4af9af2b3a6bcf506c91d29db29515f0c6bcbb2cf88e3.html]
[xbt-explorer.s3na.xyz/address/7XmamKonvce9CXdpynoavP7Yj2VCFBpJ8o.html]
[xbt-explorer.s3na.xyz/info.html]
[xbt-explorer.s3na.xyz/qr/7XmamKonvce9CXdpynoavP7Yj2VCFBpJ8o.png]
[xbt-explorer.s3na.xyz/claim.html]
[xbt-explorer.s3na.xyz/orphans.html]
[xbt-explorer.s3na.xyz/claim/1BtK4w7yuvtWEqmMJcjW6DqWuqXBWii2ZC.html]
[xbt-explorer.s3na.xyz/qr/1BtK4w7yuvtWEqmMJcjW6DqWuqXBWii2ZC.png]
[xbt-explorer.s3na.xyz/address/1BtK4w7yuvtWEqmMJcjW6DqWuqXBWii2ZC.html]
[xbt-explorer.s3na.xyz/claim/12higDjoCCNXSA95xZMWUdPvXNmkAduhWv.html]
[xbt-explorer.s3na.xyz/qr/12higDjoCCNXSA95xZMWUdPvXNmkAduhWv.png]
[xbt-explorer.s3na.xyz/address/12higDjoCCNXSA95xZMWUdPvXNmkAduhWv.html]
[xbt-explorer.s3na.xyz/claim/1JiTbxqmmkC9izgpC9QLcqGWbQs42PtC7r.html]
[xbt-explorer.s3na.xyz/qr/1JiTbxqmmkC9izgpC9QLcqGWbQs42PtC7r.png]
[xbt-explorer.s3na.xyz/address/1JiTbxqmmkC9izgpC9QLcqGWbQs42PtC7r.html]
[xbt-explorer.s3na.xyz/claim/1Bwk9fkg5K8uXSszxRmsowvwk5poC7rArC.html]
[xbt-explorer.s3na.xyz/qr/1Bwk9fkg5K8uXSszxRmsowvwk5poC7rArC.png]
[xbt-explorer.s3na.xyz/address/1Bwk9fkg5K8uXSszxRmsowvwk5poC7rArC.html]
[xbt-explorer.s3na.xyz/claim/19eJDWL3j3ABd17imWAZjmmPa6FGYGARL7.html]
[xbt-explorer.s3na.xyz/qr/19eJDWL3j3ABd17imWAZjmmPa6FGYGARL7.png]
[xbt-explorer.s3na.xyz/address/19eJDWL3j3ABd17imWAZjmmPa6FGYGARL7.html]
[xbt-explorer.s3na.xyz/claim/1nBy5Z1PbAoXvDdJTs4XtfD9H6xnt8uLK.html]
[xbt-explorer.s3na.xyz/qr/1nBy5Z1PbAoXvDdJTs4XtfD9H6xnt8uLK.png]
[xbt-explorer.s3na.xyz/address/1nBy5Z1PbAoXvDdJTs4XtfD9H6xnt8uLK.html]
[xbt-explorer.s3na.xyz/claim/1Cp18yeabUg14CNp2HGwKisDoixiGgzmeT.html]
[xbt-explorer.s3na.xyz/qr/1Cp18yeabUg14CNp2HGwKisDoixiGgzmeT.png]
[xbt-explorer.s3na.xyz/address/1Cp18yeabUg14CNp2HGwKisDoixiGgzmeT.html]
[xbt-explorer.s3na.xyz/claim/1CEsK34o5EKSM4XB4aEpSqnK8MmyPYZnNZ.html]
[xbt-explorer.s3na.xyz/qr/1CEsK34o5EKSM4XB4aEpSqnK8MmyPYZnNZ.png]
[xbt-explorer.s3na.xyz/address/1CEsK34o5EKSM4XB4aEpSqnK8MmyPYZnNZ.html]
[xbt-explorer.s3na.xyz/claim/1NYKUib4HVPAeJiHagfpKiQCK4GwZDrAv.html]
[xbt-explorer.s3na.xyz/qr/1NYKUib4HVPAeJiHagfpKiQCK4GwZDrAv.png]
[xbt-explorer.s3na.xyz/address/1NYKUib4HVPAeJiHagfpKiQCK4GwZDrAv.html]
[xbt-explorer.s3na.xyz/claim/1NJWs6g6hQsgxqtpRxXLhZJwHYhH2P2bvx.html]
[xbt-explorer.s3na.xyz/qr/1NJWs6g6hQsgxqtpRxXLhZJwHYhH2P2bvx.png]
[xbt-explorer.s3na.xyz/address/1NJWs6g6hQsgxqtpRxXLhZJwHYhH2P2bvx.html]
[xbt-explorer.s3na.xyz/qr/1Nk4i33Y1EBiVv3jDVWungFihykkEzZju.png]
[xbt-explorer.s3na.xyz/address/1Nk4i33Y1EBiVv3jDVWungFihykkEzZju.html]
[xbt-explorer.s3na.xyz/claim/17CJvRrNdqSPN3Zs2dWfNY6GoCiMRfNG2T.html]
[xbt-explorer.s3na.xyz/qr/17CJvRrNdqSPN3Zs2dWfNY6GoCiMRfNG2T.png]
[xbt-explorer.s3na.xyz/address/17CJvRrNdqSPN3Zs2dWfNY6GoCiMRfNG2T.html]
[xbt-explorer.s3na.xyz/claim/14CaTH9uYsNtULLm5n231yJbiufFHz2EQq.html]
[xbt-explorer.s3na.xyz/qr/14CaTH9uYsNtULLm5n231yJbiufFHz2EQq.png]
[xbt-explorer.s3na.xyz/address/14CaTH9uYsNtULLm5n231yJbiufFHz2EQq.html]
[xbt-explorer.s3na.xyz/claim/1MoQZ9fFz9QQYM3pt8z9Xs99jNPwfSzMEu.html]
[xbt-explorer.s3na.xyz/qr/1MoQZ9fFz9QQYM3pt8z9Xs99jNPwfSzMEu.png]
[xbt-explorer.s3na.xyz/address/1MoQZ9fFz9QQYM3pt8z9Xs99jNPwfSzMEu.html]
[xbt-explorer.s3na.xyz/claim/1s4pPJap3eCRLdgxwSKTW5gxeuXZKrRT4.html]
[xbt-explorer.s3na.xyz/qr/1s4pPJap3eCRLdgxwSKTW5gxeuXZKrRT4.png]
[xbt-explorer.s3na.xyz/address/1s4pPJap3eCRLdgxwSKTW5gxeuXZKrRT4.html]
[xbt-explorer.s3na.xyz/claim/199QiJj1miojVSAop7gpAamscHd77r12ET.html]
[xbt-explorer.s3na.xyz/qr/199QiJj1miojVSAop7gpAamscHd77r12ET.png]
[xbt-explorer.s3na.xyz/address/199QiJj1miojVSAop7gpAamscHd77r12ET.html]
[xbt-explorer.s3na.xyz/claim/12ib7dApVFvg82TXKycWBNpN8kFyiAN1dr.html]
[xbt-explorer.s3na.xyz/qr/12ib7dApVFvg82TXKycWBNpN8kFyiAN1dr.png]
[xbt-explorer.s3na.xyz/address/12ib7dApVFvg82TXKycWBNpN8kFyiAN1dr.html]
[xbt-explorer.s3na.xyz/claim/1GsGdtcrD4xKHHpuB3gNGxonak8oqGAWp7.html]
[xbt-explorer.s3na.xyz/qr/1GsGdtcrD4xKHHpuB3gNGxonak8oqGAWp7.png]
[xbt-explorer.s3na.xyz/address/1GsGdtcrD4xKHHpuB3gNGxonak8oqGAWp7.html]
[xbt-explorer.s3na.xyz/claim/1CHqbpBHCmtDyoCiczsR3paTkRDyb1hPSX.html]
[xbt-explorer.s3na.xyz/qr/1CHqbpBHCmtDyoCiczsR3paTkRDyb1hPSX.png]
[xbt-explorer.s3na.xyz/address/1CHqbpBHCmtDyoCiczsR3paTkRDyb1hPSX.html]
[xbt-explorer.s3na.xyz/claim/12tkqA9xSoowkzoERHMWNKsTey55YEBqkv.html]
[xbt-explorer.s3na.xyz/qr/12tkqA9xSoowkzoERHMWNKsTey55YEBqkv.png]
[xbt-explorer.s3na.xyz/address/12tkqA9xSoowkzoERHMWNKsTey55YEBqkv.html]
[xbt-explorer.s3na.xyz/claim/1KiqpqG9UwMhcc9pHGFXpz25H7wyNqQff9.html]
[xbt-explorer.s3na.xyz/qr/1KiqpqG9UwMhcc9pHGFXpz25H7wyNqQff9.png]
[xbt-explorer.s3na.xyz/address/1KiqpqG9UwMhcc9pHGFXpz25H7wyNqQff9.html]
[xbt-explorer.s3na.xyz/claim/1Pw48g5zwghYtYUhfjMppxxZnzaUu8ognh.html]
[xbt-explorer.s3na.xyz/qr/1Pw48g5zwghYtYUhfjMppxxZnzaUu8ognh.png]
[xbt-explorer.s3na.xyz/address/1Pw48g5zwghYtYUhfjMppxxZnzaUu8ognh.html]
[xbt-explorer.s3na.xyz/claim/17qpKNSNDpReWkPt7YdGoAzEnyeau3hhbE.html]
[xbt-explorer.s3na.xyz/qr/17qpKNSNDpReWkPt7YdGoAzEnyeau3hhbE.png]
[xbt-explorer.s3na.xyz/address/17qpKNSNDpReWkPt7YdGoAzEnyeau3hhbE.html]
[xbt-explorer.s3na.xyz/claim/14o3HbKWdgpeMrX6fwWE95nR6XRBFMKsfp.html]
[xbt-explorer.s3na.xyz/qr/14o3HbKWdgpeMrX6fwWE95nR6XRBFMKsfp.png]
[xbt-explorer.s3na.xyz/address/14o3HbKWdgpeMrX6fwWE95nR6XRBFMKsfp.html]
[xbt-explorer.s3na.xyz/claim/1AxP9ex3rm2LpsdM5NZ4ed3qT4asVX6E72.html]
[xbt-explorer.s3na.xyz/qr/1AxP9ex3rm2LpsdM5NZ4ed3qT4asVX6E72.png]
[xbt-explorer.s3na.xyz/address/1AxP9ex3rm2LpsdM5NZ4ed3qT4asVX6E72.html]
[xbt-explorer.s3na.xyz/claim/15oCtt4tujaUQr1JicBqePsTg5Mz7AN3Ma.html]
[xbt-explorer.s3na.xyz/qr/15oCtt4tujaUQr1JicBqePsTg5Mz7AN3Ma.png]
[xbt-explorer.s3na.xyz/address/15oCtt4tujaUQr1JicBqePsTg5Mz7AN3Ma.html]
[xbt-explorer.s3na.xyz/claim/1DwKJ6me7hppsrUbGJV9mQLGn5tsoWgs5p.html]
[xbt-explorer.s3na.xyz/qr/1DwKJ6me7hppsrUbGJV9mQLGn5tsoWgs5p.png]
[xbt-explorer.s3na.xyz/address/1DwKJ6me7hppsrUbGJV9mQLGn5tsoWgs5p.html]
[xbt-explorer.s3na.xyz/claim/1YCgphExCfmKpNpyWE4LPWTmBbtmQHa4u.html]
[xbt-explorer.s3na.xyz/qr/1YCgphExCfmKpNpyWE4LPWTmBbtmQHa4u.png]
[xbt-explorer.s3na.xyz/address/1YCgphExCfmKpNpyWE4LPWTmBbtmQHa4u.html]
[xbt-explorer.s3na.xyz/claim/1GdVp8gMW2MjK3L8gNWXLR8uRNFfB4Qex3.html]
[xbt-explorer.s3na.xyz/qr/1GdVp8gMW2MjK3L8gNWXLR8uRNFfB4Qex3.png]
[xbt-explorer.s3na.xyz/address/1GdVp8gMW2MjK3L8gNWXLR8uRNFfB4Qex3.html]
[xbt-explorer.s3na.xyz/claim/1Bzfj8CAB6stiTnmhzHQhLybPHTXP75AJ7.html]
[xbt-explorer.s3na.xyz/qr/1Bzfj8CAB6stiTnmhzHQhLybPHTXP75AJ7.png]
[xbt-explorer.s3na.xyz/address/1Bzfj8CAB6stiTnmhzHQhLybPHTXP75AJ7.html]
[xbt-explorer.s3na.xyz/claim/1GDghSRJegKr4EpVRtFx7rCNHsh94X4wbr.html]
[xbt-explorer.s3na.xyz/qr/1GDghSRJegKr4EpVRtFx7rCNHsh94X4wbr.png]
[xbt-explorer.s3na.xyz/address/1GDghSRJegKr4EpVRtFx7rCNHsh94X4wbr.html]
[xbt-explorer.s3na.xyz/claim/1L32QXidyHxok23c7xzjHWWWBJm343WrpF.html]
[xbt-explorer.s3na.xyz/qr/1L32QXidyHxok23c7xzjHWWWBJm343WrpF.png]
[xbt-explorer.s3na.xyz/address/1L32QXidyHxok23c7xzjHWWWBJm343WrpF.html]
[xbt-explorer.s3na.xyz/claim/1BqJLvtXpWUQ72WGs7QkSbmbunboTU6fDU.html]
[xbt-explorer.s3na.xyz/qr/1BqJLvtXpWUQ72WGs7QkSbmbunboTU6fDU.png]
[xbt-explorer.s3na.xyz/address/1BqJLvtXpWUQ72WGs7QkSbmbunboTU6fDU.html]
[xbt-explorer.s3na.xyz/claim/16oERJ8W1Q4rKfQgWoeTZxgYxvWqarPuCA.html]
[xbt-explorer.s3na.xyz/qr/16oERJ8W1Q4rKfQgWoeTZxgYxvWqarPuCA.png]
[xbt-explorer.s3na.xyz/address/16oERJ8W1Q4rKfQgWoeTZxgYxvWqarPuCA.html]
[xbt-explorer.s3na.xyz/claim/1ETcR4GvfRENL4Q3V1GLBzpJ7j2dNbRyuC.html]
[xbt-explorer.s3na.xyz/qr/1ETcR4GvfRENL4Q3V1GLBzpJ7j2dNbRyuC.png]
[xbt-explorer.s3na.xyz/address/1ETcR4GvfRENL4Q3V1GLBzpJ7j2dNbRyuC.html]
[xbt-explorer.s3na.xyz/claim/1FeSRnut5MS2BdVbrLDN3jWzJZaS7EVBbU.html]
[xbt-explorer.s3na.xyz/qr/1FeSRnut5MS2BdVbrLDN3jWzJZaS7EVBbU.png]
[xbt-explorer.s3na.xyz/address/1FeSRnut5MS2BdVbrLDN3jWzJZaS7EVBbU.html]
[xbt-explorer.s3na.xyz/claim/18U44wNBMSR5KrPpathaQXp9C5Su1jVpKd.html]
[xbt-explorer.s3na.xyz/qr/18U44wNBMSR5KrPpathaQXp9C5Su1jVpKd.png]
[xbt-explorer.s3na.xyz/address/18U44wNBMSR5KrPpathaQXp9C5Su1jVpKd.html]
[xbt-explorer.s3na.xyz/claim/1K1MjKdRsj4T3Tdr7DXdPJCYuUPw8US72f.html]
[xbt-explorer.s3na.xyz/qr/1K1MjKdRsj4T3Tdr7DXdPJCYuUPw8US72f.png]
[xbt-explorer.s3na.xyz/address/1K1MjKdRsj4T3Tdr7DXdPJCYuUPw8US72f.html]
[xbt-explorer.s3na.xyz/claim/1PeizMg76Cf96nUQrYg8xuoZWLQozU5zGW.html]
[xbt-explorer.s3na.xyz/qr/1PeizMg76Cf96nUQrYg8xuoZWLQozU5zGW.png]
[xbt-explorer.s3na.xyz/address/1PeizMg76Cf96nUQrYg8xuoZWLQozU5zGW.html]
[xbt-explorer.s3na.xyz/claim/1B1wPLyrJ831sg1D8hnZLBG7SejXbqMMrH.html]
[xbt-explorer.s3na.xyz/qr/1B1wPLyrJ831sg1D8hnZLBG7SejXbqMMrH.png]
[xbt-explorer.s3na.xyz/address/1B1wPLyrJ831sg1D8hnZLBG7SejXbqMMrH.html]
[xbt-explorer.s3na.xyz/claim/1Bk1e3Mcoggwz6REprVqCS9uGaH6B5EDiv.html]
[xbt-explorer.s3na.xyz/qr/1Bk1e3Mcoggwz6REprVqCS9uGaH6B5EDiv.png]
[xbt-explorer.s3na.xyz/address/1Bk1e3Mcoggwz6REprVqCS9uGaH6B5EDiv.html]
[xbt-explorer.s3na.xyz/claim/19k8nToWwMGuF4HkNpzgoVAYk4viBnEs5D.html]
[xbt-explorer.s3na.xyz/qr/19k8nToWwMGuF4HkNpzgoVAYk4viBnEs5D.png]
[xbt-explorer.s3na.xyz/address/19k8nToWwMGuF4HkNpzgoVAYk4viBnEs5D.html]
[xbt-explorer.s3na.xyz/claim/1PLkiRpaizMKr3U1oMN4cj6kTR7B3pWr1u.html]
[xbt-explorer.s3na.xyz/qr/1PLkiRpaizMKr3U1oMN4cj6kTR7B3pWr1u.png]
[xbt-explorer.s3na.xyz/address/1PLkiRpaizMKr3U1oMN4cj6kTR7B3pWr1u.html]
[xbt-explorer.s3na.xyz/claim/1N7mAUZwHw5F3rgVRL7UpPWNZbomtbhQDy.html]
[xbt-explorer.s3na.xyz/qr/1N7mAUZwHw5F3rgVRL7UpPWNZbomtbhQDy.png]
[xbt-explorer.s3na.xyz/address/1N7mAUZwHw5F3rgVRL7UpPWNZbomtbhQDy.html]
[xbt-explorer.s3na.xyz/claim/15TBLRjjPFSvpqtKXiQj5mBy8QEJw7oKzc.html]
[xbt-explorer.s3na.xyz/qr/15TBLRjjPFSvpqtKXiQj5mBy8QEJw7oKzc.png]
[xbt-explorer.s3na.xyz/address/15TBLRjjPFSvpqtKXiQj5mBy8QEJw7oKzc.html]
[xbt-explorer.s3na.xyz/claim/19n1JqKDnoqcc34HA3fdgzNxczic6Hu5Pi.html]
[xbt-explorer.s3na.xyz/qr/19n1JqKDnoqcc34HA3fdgzNxczic6Hu5Pi.png]
[xbt-explorer.s3na.xyz/address/19n1JqKDnoqcc34HA3fdgzNxczic6Hu5Pi.html]
[xbt-explorer.s3na.xyz/claim/1P8tkiZvGrXWvEDs98ZpshyNbudcHZCzSD.html]
[xbt-explorer.s3na.xyz/qr/1P8tkiZvGrXWvEDs98ZpshyNbudcHZCzSD.png]
[xbt-explorer.s3na.xyz/address/1P8tkiZvGrXWvEDs98ZpshyNbudcHZCzSD.html]
[xbt-explorer.s3na.xyz/claim/18qXSkiudy9dBNB7eYQJR689vqkjATnSCt.html]
[xbt-explorer.s3na.xyz/qr/18qXSkiudy9dBNB7eYQJR689vqkjATnSCt.png]
[xbt-explorer.s3na.xyz/address/18qXSkiudy9dBNB7eYQJR689vqkjATnSCt.html]
[xbt-explorer.s3na.xyz/claim/14HpieZ4xQGfSfZ3CNNBW6qp94ShDvPYbj.html]
[xbt-explorer.s3na.xyz/qr/14HpieZ4xQGfSfZ3CNNBW6qp94ShDvPYbj.png]
[xbt-explorer.s3na.xyz/address/14HpieZ4xQGfSfZ3CNNBW6qp94ShDvPYbj.html]
[xbt-explorer.s3na.xyz/claim/12JQ6hfg2s31XLbfeSKtKKFoHXaBGJJH5W.html]
[xbt-explorer.s3na.xyz/qr/12JQ6hfg2s31XLbfeSKtKKFoHXaBGJJH5W.png]
[xbt-explorer.s3na.xyz/address/12JQ6hfg2s31XLbfeSKtKKFoHXaBGJJH5W.html]
[xbt-explorer.s3na.xyz/claim/1DBTHzQSLhLepXrP4mziuiGGQvokKXcEcS.html]
[xbt-explorer.s3na.xyz/qr/1DBTHzQSLhLepXrP4mziuiGGQvokKXcEcS.png]
[xbt-explorer.s3na.xyz/address/1DBTHzQSLhLepXrP4mziuiGGQvokKXcEcS.html]
[xbt-explorer.s3na.xyz/claim/17CAAKnjpvhRgSMPQ5Z2zNmFSJYbL9jPi3.html]
[xbt-explorer.s3na.xyz/qr/17CAAKnjpvhRgSMPQ5Z2zNmFSJYbL9jPi3.png]
[xbt-explorer.s3na.xyz/address/17CAAKnjpvhRgSMPQ5Z2zNmFSJYbL9jPi3.html]
[xbt-explorer.s3na.xyz/claim/12vZ9sYVvRmUhLQi5iEdF8qYVcdgcQ57vp.html]
[xbt-explorer.s3na.xyz/qr/12vZ9sYVvRmUhLQi5iEdF8qYVcdgcQ57vp.png]
[xbt-explorer.s3na.xyz/address/12vZ9sYVvRmUhLQi5iEdF8qYVcdgcQ57vp.html]
[xbt-explorer.s3na.xyz/claim/1QBFtmtSzwGMYS8gjc3xkr3U2GEWWmRJXz.html]
[xbt-explorer.s3na.xyz/qr/1QBFtmtSzwGMYS8gjc3xkr3U2GEWWmRJXz.png]
[xbt-explorer.s3na.xyz/address/1QBFtmtSzwGMYS8gjc3xkr3U2GEWWmRJXz.html]
[xbt-explorer.s3na.xyz/claim/1BeLzz6PK942LYuhNjB7SUcqS9DShViTmb.html]
[xbt-explorer.s3na.xyz/qr/1BeLzz6PK942LYuhNjB7SUcqS9DShViTmb.png]
[xbt-explorer.s3na.xyz/address/1BeLzz6PK942LYuhNjB7SUcqS9DShViTmb.html]
[xbt-explorer.s3na.xyz/claim/1ELScvQWtQVj219DhcNafgZrDqtR6gX6Vd.html]
[xbt-explorer.s3na.xyz/qr/1ELScvQWtQVj219DhcNafgZrDqtR6gX6Vd.png]
[xbt-explorer.s3na.xyz/address/1ELScvQWtQVj219DhcNafgZrDqtR6gX6Vd.html]
[xbt-explorer.s3na.xyz/claim/18sFHF3eD25uSRrASfoPBKBaTHjk3N1cWc.html]
[xbt-explorer.s3na.xyz/qr/18sFHF3eD25uSRrASfoPBKBaTHjk3N1cWc.png]
[xbt-explorer.s3na.xyz/address/18sFHF3eD25uSRrASfoPBKBaTHjk3N1cWc.html]
[xbt-explorer.s3na.xyz/qr/19PLxYWWhfW3LDPk5g1qscUt3DTvGPA4d.png]
[xbt-explorer.s3na.xyz/address/19PLxYWWhfW3LDPk5g1qscUt3DTvGPA4d.html]
[xbt-explorer.s3na.xyz/claim/1LGThcZhhRaPcQv6JCyUCjrzhmLwSwoN4G.html]
[xbt-explorer.s3na.xyz/qr/1LGThcZhhRaPcQv6JCyUCjrzhmLwSwoN4G.png]
[xbt-explorer.s3na.xyz/address/1LGThcZhhRaPcQv6JCyUCjrzhmLwSwoN4G.html]
[xbt-explorer.s3na.xyz/claim/1M6jdbyUvpMa54QFSyFygyH823drPRnpVb.html]
[xbt-explorer.s3na.xyz/qr/1M6jdbyUvpMa54QFSyFygyH823drPRnpVb.png]
[xbt-explorer.s3na.xyz/address/1M6jdbyUvpMa54QFSyFygyH823drPRnpVb.html]
[xbt-explorer.s3na.xyz/claim/1PCeb2B4vRSyD2S9YsAErgNDTqCmBzdpco.html]
[xbt-explorer.s3na.xyz/qr/1PCeb2B4vRSyD2S9YsAErgNDTqCmBzdpco.png]
[xbt-explorer.s3na.xyz/address/1PCeb2B4vRSyD2S9YsAErgNDTqCmBzdpco.html]
[xbt-explorer.s3na.xyz/claim/1MYTeo278NMEtJ3ihTpJLN1yEZVwdhXQsq.html]
[xbt-explorer.s3na.xyz/qr/1MYTeo278NMEtJ3ihTpJLN1yEZVwdhXQsq.png]
[xbt-explorer.s3na.xyz/address/1MYTeo278NMEtJ3ihTpJLN1yEZVwdhXQsq.html]
[xbt-explorer.s3na.xyz/claim/1FMobzpPJ7oGf5mK8fbTiTM2WetUm7t4Ye.html]
[xbt-explorer.s3na.xyz/qr/1FMobzpPJ7oGf5mK8fbTiTM2WetUm7t4Ye.png]
[xbt-explorer.s3na.xyz/address/1FMobzpPJ7oGf5mK8fbTiTM2WetUm7t4Ye.html]
[xbt-explorer.s3na.xyz/claim/1JTS3v5UVCaq1cRYSwzpfoKCdyjUfEU59o.html]
[xbt-explorer.s3na.xyz/qr/1JTS3v5UVCaq1cRYSwzpfoKCdyjUfEU59o.png]
[xbt-explorer.s3na.xyz/address/1JTS3v5UVCaq1cRYSwzpfoKCdyjUfEU59o.html]
[xbt-explorer.s3na.xyz/claim/1FKVYQ37Ku2C5LVTs7wwz64tDFmJf8ouMs.html]
[xbt-explorer.s3na.xyz/qr/1FKVYQ37Ku2C5LVTs7wwz64tDFmJf8ouMs.png]
[xbt-explorer.s3na.xyz/address/1FKVYQ37Ku2C5LVTs7wwz64tDFmJf8ouMs.html]
[xbt-explorer.s3na.xyz/claim/1EGYwUAgYWsvj39qUaogyxqAcqABXQdqXT.html]
[xbt-explorer.s3na.xyz/qr/1EGYwUAgYWsvj39qUaogyxqAcqABXQdqXT.png]
[xbt-explorer.s3na.xyz/address/1EGYwUAgYWsvj39qUaogyxqAcqABXQdqXT.html]
[xbt-explorer.s3na.xyz/claim/1HYGzEjtQsmrhBAf19nd9eNvcz34RAzhRc.html]
[xbt-explorer.s3na.xyz/qr/1HYGzEjtQsmrhBAf19nd9eNvcz34RAzhRc.png]
[xbt-explorer.s3na.xyz/address/1HYGzEjtQsmrhBAf19nd9eNvcz34RAzhRc.html]
[xbt-explorer.s3na.xyz/claim/141tFf7wKP8MpC48TYoWi7MeQcQVxFJ9LT.html]
[xbt-explorer.s3na.xyz/qr/141tFf7wKP8MpC48TYoWi7MeQcQVxFJ9LT.png]
[xbt-explorer.s3na.xyz/address/141tFf7wKP8MpC48TYoWi7MeQcQVxFJ9LT.html]
[xbt-explorer.s3na.xyz/claim/1CZrFKSoqRZfv8nH15gzMmMTAQdqyQS2xg.html]
[xbt-explorer.s3na.xyz/qr/1CZrFKSoqRZfv8nH15gzMmMTAQdqyQS2xg.png]
[xbt-explorer.s3na.xyz/address/1CZrFKSoqRZfv8nH15gzMmMTAQdqyQS2xg.html]
[xbt-explorer.s3na.xyz/claim/16LNyDKLFTyuvJVQdfe4pSZsan4SErQFG.html]
[xbt-explorer.s3na.xyz/qr/16LNyDKLFTyuvJVQdfe4pSZsan4SErQFG.png]
[xbt-explorer.s3na.xyz/address/16LNyDKLFTyuvJVQdfe4pSZsan4SErQFG.html]
[xbt-explorer.s3na.xyz/claim/1BMT9FXbKQc9f6PWFZeKKbtPEd5JSSwLVH.html]
[xbt-explorer.s3na.xyz/qr/1BMT9FXbKQc9f6PWFZeKKbtPEd5JSSwLVH.png]
[xbt-explorer.s3na.xyz/address/1BMT9FXbKQc9f6PWFZeKKbtPEd5JSSwLVH.html]
[xbt-explorer.s3na.xyz/claim/14iESWwr9hLugqVD6bGVGCUjindHEweiH4.html]
[xbt-explorer.s3na.xyz/qr/14iESWwr9hLugqVD6bGVGCUjindHEweiH4.png]
[xbt-explorer.s3na.xyz/address/14iESWwr9hLugqVD6bGVGCUjindHEweiH4.html]
[xbt-explorer.s3na.xyz/claim/14xZRjQBVj78mmpz1hQFBtbTtN8aeeoN4x.html]
[xbt-explorer.s3na.xyz/qr/14xZRjQBVj78mmpz1hQFBtbTtN8aeeoN4x.png]
[xbt-explorer.s3na.xyz/address/14xZRjQBVj78mmpz1hQFBtbTtN8aeeoN4x.html]
[xbt-explorer.s3na.xyz/claim/18CuCQzQ1PVVX81nK6QeRZi5PRrtcafAb8.html]
[xbt-explorer.s3na.xyz/qr/18CuCQzQ1PVVX81nK6QeRZi5PRrtcafAb8.png]
[xbt-explorer.s3na.xyz/address/18CuCQzQ1PVVX81nK6QeRZi5PRrtcafAb8.html]
[xbt-explorer.s3na.xyz/claim/1DPDxCEzaZixvTSrZABKtVfFJEhkFKcBcQ.html]
[xbt-explorer.s3na.xyz/qr/1DPDxCEzaZixvTSrZABKtVfFJEhkFKcBcQ.png]
[xbt-explorer.s3na.xyz/address/1DPDxCEzaZixvTSrZABKtVfFJEhkFKcBcQ.html]
[xbt-explorer.s3na.xyz/claim/1MGZkTPaTiAtn4spPNLZb4rmhmMwVBwKoN.html]
[xbt-explorer.s3na.xyz/qr/1MGZkTPaTiAtn4spPNLZb4rmhmMwVBwKoN.png]
[xbt-explorer.s3na.xyz/address/1MGZkTPaTiAtn4spPNLZb4rmhmMwVBwKoN.html]
[xbt-explorer.s3na.xyz/claim/12DZjBLZQpU2pJGqNfuQscMMkxfTe2ozzN.html]
[xbt-explorer.s3na.xyz/qr/12DZjBLZQpU2pJGqNfuQscMMkxfTe2ozzN.png]
[xbt-explorer.s3na.xyz/address/12DZjBLZQpU2pJGqNfuQscMMkxfTe2ozzN.html]
[xbt-explorer.s3na.xyz/claim/1LUPDXYf9XD9Ee1AqCuM3gZCA3ZMKgTcgw.html]
[xbt-explorer.s3na.xyz/qr/1LUPDXYf9XD9Ee1AqCuM3gZCA3ZMKgTcgw.png]
[xbt-explorer.s3na.xyz/address/1LUPDXYf9XD9Ee1AqCuM3gZCA3ZMKgTcgw.html]
[xbt-explorer.s3na.xyz/claim/194UU2RxAV7wZJ3bUTpQ8TeRReUSASrHU6.html]
[xbt-explorer.s3na.xyz/qr/194UU2RxAV7wZJ3bUTpQ8TeRReUSASrHU6.png]
[xbt-explorer.s3na.xyz/address/194UU2RxAV7wZJ3bUTpQ8TeRReUSASrHU6.html]
[xbt-explorer.s3na.xyz/claim/19vcWM6EEbQHVdN2W8NXv9ySgsPjbZ6gU3.html]
[xbt-explorer.s3na.xyz/qr/19vcWM6EEbQHVdN2W8NXv9ySgsPjbZ6gU3.png]
[xbt-explorer.s3na.xyz/address/19vcWM6EEbQHVdN2W8NXv9ySgsPjbZ6gU3.html]
[xbt-explorer.s3na.xyz/claim/14pcDH1HASdMBHH5bPzn1c4xrRdLV8JofQ.html]
[xbt-explorer.s3na.xyz/qr/14pcDH1HASdMBHH5bPzn1c4xrRdLV8JofQ.png]
[xbt-explorer.s3na.xyz/address/14pcDH1HASdMBHH5bPzn1c4xrRdLV8JofQ.html]
[xbt-explorer.s3na.xyz/claim/195ira4St8fdHNr1QVwyFNsuh9sx1zfrRi.html]
[xbt-explorer.s3na.xyz/qr/195ira4St8fdHNr1QVwyFNsuh9sx1zfrRi.png]
[xbt-explorer.s3na.xyz/address/195ira4St8fdHNr1QVwyFNsuh9sx1zfrRi.html]
[xbt-explorer.s3na.xyz/claim/1P84ALWnwZMs8Z3J4KLftKSfBeSdcsYQPq.html]
[xbt-explorer.s3na.xyz/qr/1P84ALWnwZMs8Z3J4KLftKSfBeSdcsYQPq.png]
[xbt-explorer.s3na.xyz/address/1P84ALWnwZMs8Z3J4KLftKSfBeSdcsYQPq.html]
[xbt-explorer.s3na.xyz/claim/1B5rXopXmedqWKkNV9XNxCwkKNZMbSURUM.html]
[xbt-explorer.s3na.xyz/qr/1B5rXopXmedqWKkNV9XNxCwkKNZMbSURUM.png]
[xbt-explorer.s3na.xyz/address/1B5rXopXmedqWKkNV9XNxCwkKNZMbSURUM.html]
[xbt-explorer.s3na.xyz/claim/1LQ4kgSZ1wymSh4AAvjpA4mkoy98FphXZL.html]
[xbt-explorer.s3na.xyz/qr/1LQ4kgSZ1wymSh4AAvjpA4mkoy98FphXZL.png]
[xbt-explorer.s3na.xyz/address/1LQ4kgSZ1wymSh4AAvjpA4mkoy98FphXZL.html]
[xbt-explorer.s3na.xyz/claim/1C7uDMzhmdgSDE8A2oa8BSakf2BBVaTDts.html]
[xbt-explorer.s3na.xyz/qr/1C7uDMzhmdgSDE8A2oa8BSakf2BBVaTDts.png]
[xbt-explorer.s3na.xyz/address/1C7uDMzhmdgSDE8A2oa8BSakf2BBVaTDts.html]
[xbt-explorer.s3na.xyz/claim/16HC2oNNjmhXgGqf4YYZwSfRK4meVpAGm7.html]
[xbt-explorer.s3na.xyz/qr/16HC2oNNjmhXgGqf4YYZwSfRK4meVpAGm7.png]
[xbt-explorer.s3na.xyz/address/16HC2oNNjmhXgGqf4YYZwSfRK4meVpAGm7.html]
[xbt-explorer.s3na.xyz/claim/1FLfZpiqHCmTsP5jqWW2hWkjzzxNbbnBBb.html]
[xbt-explorer.s3na.xyz/qr/1FLfZpiqHCmTsP5jqWW2hWkjzzxNbbnBBb.png]
[xbt-explorer.s3na.xyz/address/1FLfZpiqHCmTsP5jqWW2hWkjzzxNbbnBBb.html]
[xbt-explorer.s3na.xyz/claim/1U1jTCGkQYRaDVStZdDHMFWUMoSJi4HSc.html]
[xbt-explorer.s3na.xyz/qr/1U1jTCGkQYRaDVStZdDHMFWUMoSJi4HSc.png]
[xbt-explorer.s3na.xyz/address/1U1jTCGkQYRaDVStZdDHMFWUMoSJi4HSc.html]
[xbt-explorer.s3na.xyz/claim/1HLvaTs3zR3oev9ya7Pzp3GB9Gqfg6XYJT.html]
[xbt-explorer.s3na.xyz/qr/1HLvaTs3zR3oev9ya7Pzp3GB9Gqfg6XYJT.png]
[xbt-explorer.s3na.xyz/address/1HLvaTs3zR3oev9ya7Pzp3GB9Gqfg6XYJT.html]
[xbt-explorer.s3na.xyz/claim/132FvUw1fAEoTULtn4jAfv6DvsWvCoifPR.html]
[xbt-explorer.s3na.xyz/qr/132FvUw1fAEoTULtn4jAfv6DvsWvCoifPR.png]
[xbt-explorer.s3na.xyz/address/132FvUw1fAEoTULtn4jAfv6DvsWvCoifPR.html]
[xbt-explorer.s3na.xyz/claim/1HayFCSK1mkQP7Q8xQ26SCpBL9fJWLQYse.html]
[xbt-explorer.s3na.xyz/qr/1HayFCSK1mkQP7Q8xQ26SCpBL9fJWLQYse.png]
[xbt-explorer.s3na.xyz/address/1HayFCSK1mkQP7Q8xQ26SCpBL9fJWLQYse.html]
[xbt-explorer.s3na.xyz/claim/1KCg9DuHYQgH7jkmLanCJioU3DrDawy4ab.html]
[xbt-explorer.s3na.xyz/qr/1KCg9DuHYQgH7jkmLanCJioU3DrDawy4ab.png]
[xbt-explorer.s3na.xyz/address/1KCg9DuHYQgH7jkmLanCJioU3DrDawy4ab.html]
[xbt-explorer.s3na.xyz/claim/1Lu18Yf1KXBCvQw4C9MGRkHyw3CW3W3UTP.html]
[xbt-explorer.s3na.xyz/qr/1Lu18Yf1KXBCvQw4C9MGRkHyw3CW3W3UTP.png]
[xbt-explorer.s3na.xyz/address/1Lu18Yf1KXBCvQw4C9MGRkHyw3CW3W3UTP.html]
[xbt-explorer.s3na.xyz/claim/167ZWTT8n6s4ya8cGjqNNQjDwDGY31vmHg.html]
[xbt-explorer.s3na.xyz/qr/167ZWTT8n6s4ya8cGjqNNQjDwDGY31vmHg.png]
[xbt-explorer.s3na.xyz/address/167ZWTT8n6s4ya8cGjqNNQjDwDGY31vmHg.html]
[xbt-explorer.s3na.xyz/claim/1MFA2FzeHgNRY5dGGiQtPxJx3LEKBit7UP.html]
[xbt-explorer.s3na.xyz/qr/1MFA2FzeHgNRY5dGGiQtPxJx3LEKBit7UP.png]
[xbt-explorer.s3na.xyz/address/1MFA2FzeHgNRY5dGGiQtPxJx3LEKBit7UP.html]
[xbt-explorer.s3na.xyz/claim/13uraL1Maba7obbhkdB4pjsqMyvqrcTeeD.html]
[xbt-explorer.s3na.xyz/qr/13uraL1Maba7obbhkdB4pjsqMyvqrcTeeD.png]
[xbt-explorer.s3na.xyz/address/13uraL1Maba7obbhkdB4pjsqMyvqrcTeeD.html]
[xbt-explorer.s3na.xyz/claim/1FieTTbyZAP8AxhEqoBiUzpQQAzyA3SL3Q.html]
[xbt-explorer.s3na.xyz/qr/1FieTTbyZAP8AxhEqoBiUzpQQAzyA3SL3Q.png]
[xbt-explorer.s3na.xyz/address/1FieTTbyZAP8AxhEqoBiUzpQQAzyA3SL3Q.html]
[xbt-explorer.s3na.xyz/claim/1Cuju1Sw97U1SYSYuBiMdJz3NPrjNEzJtP.html]
[xbt-explorer.s3na.xyz/qr/1Cuju1Sw97U1SYSYuBiMdJz3NPrjNEzJtP.png]
[xbt-explorer.s3na.xyz/address/1Cuju1Sw97U1SYSYuBiMdJz3NPrjNEzJtP.html]
[xbt-explorer.s3na.xyz/claim/1Cx9EMkog8yqzAZCmkG8yR5wFZzyT63tMp.html]
[xbt-explorer.s3na.xyz/qr/1Cx9EMkog8yqzAZCmkG8yR5wFZzyT63tMp.png]
[xbt-explorer.s3na.xyz/address/1Cx9EMkog8yqzAZCmkG8yR5wFZzyT63tMp.html]
[xbt-explorer.s3na.xyz/qr/1KJTMnVcfUe86SeSFWN3cgprkfcu7Q2wLN.png]
[xbt-explorer.s3na.xyz/address/1KJTMnVcfUe86SeSFWN3cgprkfcu7Q2wLN.html]
[xbt-explorer.s3na.xyz/claim/1Bw1hpkUrTKRmrwJBGdZTenoFeX63zrq33.html]
[xbt-explorer.s3na.xyz/qr/1Bw1hpkUrTKRmrwJBGdZTenoFeX63zrq33.png]
[xbt-explorer.s3na.xyz/address/1Bw1hpkUrTKRmrwJBGdZTenoFeX63zrq33.html]
[xbt-explorer.s3na.xyz/claim/151afokcfNi36j8avbvU5xM253AWkxQQsd.html]
[xbt-explorer.s3na.xyz/qr/151afokcfNi36j8avbvU5xM253AWkxQQsd.png]
[xbt-explorer.s3na.xyz/address/151afokcfNi36j8avbvU5xM253AWkxQQsd.html]
[xbt-explorer.s3na.xyz/claim/13fZzb9M5MKEtBQTsH5EdwuzXXrBM8VYsV.html]
[xbt-explorer.s3na.xyz/qr/13fZzb9M5MKEtBQTsH5EdwuzXXrBM8VYsV.png]
[xbt-explorer.s3na.xyz/address/13fZzb9M5MKEtBQTsH5EdwuzXXrBM8VYsV.html]
[xbt-explorer.s3na.xyz/claim/1CMgkhVxRMSRCPTQTjgadcC5TgkoLxGiT9.html]
[xbt-explorer.s3na.xyz/qr/1CMgkhVxRMSRCPTQTjgadcC5TgkoLxGiT9.png]
[xbt-explorer.s3na.xyz/address/1CMgkhVxRMSRCPTQTjgadcC5TgkoLxGiT9.html]
[xbt-explorer.s3na.xyz/claim/138eoqfNcEdeU9EG9CKfAxnYYz62uHRNrA.html]
[xbt-explorer.s3na.xyz/qr/138eoqfNcEdeU9EG9CKfAxnYYz62uHRNrA.png]
[xbt-explorer.s3na.xyz/address/138eoqfNcEdeU9EG9CKfAxnYYz62uHRNrA.html]
[xbt-explorer.s3na.xyz/claim/1JUgc68u6rKFaonCDhY9QNVjSruYW2EN2n.html]
[xbt-explorer.s3na.xyz/qr/1JUgc68u6rKFaonCDhY9QNVjSruYW2EN2n.png]
[xbt-explorer.s3na.xyz/address/1JUgc68u6rKFaonCDhY9QNVjSruYW2EN2n.html]
[xbt-explorer.s3na.xyz/claim/1EMPhwUXHGURtSdt5zidbV3zPKruDTKYX9.html]
[xbt-explorer.s3na.xyz/qr/1EMPhwUXHGURtSdt5zidbV3zPKruDTKYX9.png]
[xbt-explorer.s3na.xyz/address/1EMPhwUXHGURtSdt5zidbV3zPKruDTKYX9.html]
[xbt-explorer.s3na.xyz/claim/1CX8b4KNtWAfmkXyDipzPHnpTmxRDoBWrQ.html]
[xbt-explorer.s3na.xyz/qr/1CX8b4KNtWAfmkXyDipzPHnpTmxRDoBWrQ.png]
[xbt-explorer.s3na.xyz/address/1CX8b4KNtWAfmkXyDipzPHnpTmxRDoBWrQ.html]
[xbt-explorer.s3na.xyz/claim/1XPTgDRhN8RFnzniWCddobD9iKZatrvH4.html]
[xbt-explorer.s3na.xyz/qr/1XPTgDRhN8RFnzniWCddobD9iKZatrvH4.png]
[xbt-explorer.s3na.xyz/address/1XPTgDRhN8RFnzniWCddobD9iKZatrvH4.html]
[xbt-explorer.s3na.xyz/claim/1CRZpkKKAt7G5uiK4JPBjBJGnozgiatFAs.html]
[xbt-explorer.s3na.xyz/qr/1CRZpkKKAt7G5uiK4JPBjBJGnozgiatFAs.png]
[xbt-explorer.s3na.xyz/address/1CRZpkKKAt7G5uiK4JPBjBJGnozgiatFAs.html]
[xbt-explorer.s3na.xyz/claim/15qW4a2vTWmxNbYKnnriy9exyxdqQKa8PE.html]
[xbt-explorer.s3na.xyz/qr/15qW4a2vTWmxNbYKnnriy9exyxdqQKa8PE.png]
[xbt-explorer.s3na.xyz/address/15qW4a2vTWmxNbYKnnriy9exyxdqQKa8PE.html]
[xbt-explorer.s3na.xyz/claim/16WvoYoAdPRja4g5SnKxiXmGxXKTj41toS.html]
[xbt-explorer.s3na.xyz/qr/16WvoYoAdPRja4g5SnKxiXmGxXKTj41toS.png]
[xbt-explorer.s3na.xyz/address/16WvoYoAdPRja4g5SnKxiXmGxXKTj41toS.html]
[xbt-explorer.s3na.xyz/claim/1EbSvJS9ndHdrXpH5UQ6wKNL2QefHhv1gi.html]
[xbt-explorer.s3na.xyz/qr/1EbSvJS9ndHdrXpH5UQ6wKNL2QefHhv1gi.png]
[xbt-explorer.s3na.xyz/address/1EbSvJS9ndHdrXpH5UQ6wKNL2QefHhv1gi.html]
[xbt-explorer.s3na.xyz/qr/14MFncuroYDRpYuiB8uMG9ohV7Ky1Y1Ji5.png]
[xbt-explorer.s3na.xyz/address/14MFncuroYDRpYuiB8uMG9ohV7Ky1Y1Ji5.html]
[xbt-explorer.s3na.xyz/claim/1CazSk3Xf9Dx6rdoPPX6WDCZi9nrP3TdL7.html]
[xbt-explorer.s3na.xyz/qr/1CazSk3Xf9Dx6rdoPPX6WDCZi9nrP3TdL7.png]
[xbt-explorer.s3na.xyz/address/1CazSk3Xf9Dx6rdoPPX6WDCZi9nrP3TdL7.html]
[xbt-explorer.s3na.xyz/claim/13wZknpKnQfQXbtMzAqsyQNNGqiSjx6nEi.html]
[xbt-explorer.s3na.xyz/qr/13wZknpKnQfQXbtMzAqsyQNNGqiSjx6nEi.png]
[xbt-explorer.s3na.xyz/address/13wZknpKnQfQXbtMzAqsyQNNGqiSjx6nEi.html]
[xbt-explorer.s3na.xyz/claim/1Gx4uS1wVKobzYxZ6nST7LHRZRZp9RdKSq.html]
[xbt-explorer.s3na.xyz/qr/1Gx4uS1wVKobzYxZ6nST7LHRZRZp9RdKSq.png]
[xbt-explorer.s3na.xyz/address/1Gx4uS1wVKobzYxZ6nST7LHRZRZp9RdKSq.html]
[xbt-explorer.s3na.xyz/claim/1Qq9AKuMRbYdUY4hsM6q4fsCqkM6HZ7CU.html]
[xbt-explorer.s3na.xyz/qr/1Qq9AKuMRbYdUY4hsM6q4fsCqkM6HZ7CU.png]
[xbt-explorer.s3na.xyz/address/1Qq9AKuMRbYdUY4hsM6q4fsCqkM6HZ7CU.html]
[xbt-explorer.s3na.xyz/claim/14PtMrZnpojXLX1JME6ckRFcEByg1Sp7mt.html]
[xbt-explorer.s3na.xyz/qr/14PtMrZnpojXLX1JME6ckRFcEByg1Sp7mt.png]
[xbt-explorer.s3na.xyz/address/14PtMrZnpojXLX1JME6ckRFcEByg1Sp7mt.html]
[xbt-explorer.s3na.xyz/claim/1Npv7jaqqSpY6zHk4cdXzA8AFQyAYKSMdh.html]
[xbt-explorer.s3na.xyz/qr/1Npv7jaqqSpY6zHk4cdXzA8AFQyAYKSMdh.png]
[xbt-explorer.s3na.xyz/address/1Npv7jaqqSpY6zHk4cdXzA8AFQyAYKSMdh.html]
[xbt-explorer.s3na.xyz/claim/1HTUNHDdppSB3sRy72wpiWsgtkdgkcJ1pF.html]
[xbt-explorer.s3na.xyz/qr/1HTUNHDdppSB3sRy72wpiWsgtkdgkcJ1pF.png]
[xbt-explorer.s3na.xyz/address/1HTUNHDdppSB3sRy72wpiWsgtkdgkcJ1pF.html]
[xbt-explorer.s3na.xyz/claim/1Au8E6Ursr4zH8x4hpAKSCMyTMbWGAtMLy.html]
[xbt-explorer.s3na.xyz/qr/1Au8E6Ursr4zH8x4hpAKSCMyTMbWGAtMLy.png]
[xbt-explorer.s3na.xyz/address/1Au8E6Ursr4zH8x4hpAKSCMyTMbWGAtMLy.html]
[xbt-explorer.s3na.xyz/claim/1BxR4uXDZzgFbTsjceezZSBVvNChjgsve1.html]
[xbt-explorer.s3na.xyz/qr/1BxR4uXDZzgFbTsjceezZSBVvNChjgsve1.png]
[xbt-explorer.s3na.xyz/address/1BxR4uXDZzgFbTsjceezZSBVvNChjgsve1.html]
[xbt-explorer.s3na.xyz/claim/17FC81bQxkGTtg66Gz5aViXTry3tWhEHMY.html]
[xbt-explorer.s3na.xyz/qr/17FC81bQxkGTtg66Gz5aViXTry3tWhEHMY.png]
[xbt-explorer.s3na.xyz/address/17FC81bQxkGTtg66Gz5aViXTry3tWhEHMY.html]
[xbt-explorer.s3na.xyz/claim/1Q3oJC2VnooBa3GqjpiQTfCjQXBycGvsP5.html]
[xbt-explorer.s3na.xyz/qr/1Q3oJC2VnooBa3GqjpiQTfCjQXBycGvsP5.png]
[xbt-explorer.s3na.xyz/address/1Q3oJC2VnooBa3GqjpiQTfCjQXBycGvsP5.html]
[xbt-explorer.s3na.xyz/claim/19ZFpEPcdijxoBtPdfjts9MhwBcLx2C4Js.html]
[xbt-explorer.s3na.xyz/qr/19ZFpEPcdijxoBtPdfjts9MhwBcLx2C4Js.png]
[xbt-explorer.s3na.xyz/address/19ZFpEPcdijxoBtPdfjts9MhwBcLx2C4Js.html]
[xbt-explorer.s3na.xyz/claim/15nyKuXKiKZaf6icpS64MBCb2erCgXh3i7.html]
[xbt-explorer.s3na.xyz/qr/15nyKuXKiKZaf6icpS64MBCb2erCgXh3i7.png]
[xbt-explorer.s3na.xyz/address/15nyKuXKiKZaf6icpS64MBCb2erCgXh3i7.html]
[xbt-explorer.s3na.xyz/claim/1KHALsFTQNeke4Ky5iuAWPMBf3yRXky4us.html]
[xbt-explorer.s3na.xyz/qr/1KHALsFTQNeke4Ky5iuAWPMBf3yRXky4us.png]
[xbt-explorer.s3na.xyz/address/1KHALsFTQNeke4Ky5iuAWPMBf3yRXky4us.html]
[xbt-explorer.s3na.xyz/claim/1CumVd3NXcFwTsudmiFfLmiUrceGm3JWYL.html]
[xbt-explorer.s3na.xyz/qr/1CumVd3NXcFwTsudmiFfLmiUrceGm3JWYL.png]
[xbt-explorer.s3na.xyz/address/1CumVd3NXcFwTsudmiFfLmiUrceGm3JWYL.html]
[xbt-explorer.s3na.xyz/claim/1Ff2xcJtfWWiNRCTUuTng6TJQm3g8h61Y2.html]
[xbt-explorer.s3na.xyz/qr/1Ff2xcJtfWWiNRCTUuTng6TJQm3g8h61Y2.png]
[xbt-explorer.s3na.xyz/address/1Ff2xcJtfWWiNRCTUuTng6TJQm3g8h61Y2.html]
[xbt-explorer.s3na.xyz/claim/1GEECfBjkeUMCf3TNWCHvXZKKjnjjra7tC.html]
[xbt-explorer.s3na.xyz/qr/1GEECfBjkeUMCf3TNWCHvXZKKjnjjra7tC.png]
[xbt-explorer.s3na.xyz/address/1GEECfBjkeUMCf3TNWCHvXZKKjnjjra7tC.html]
[xbt-explorer.s3na.xyz/claim/1PREkEVoQcNa6rrB8W22PWPYzjFxiq42RH.html]
[xbt-explorer.s3na.xyz/qr/1PREkEVoQcNa6rrB8W22PWPYzjFxiq42RH.png]
[xbt-explorer.s3na.xyz/address/1PREkEVoQcNa6rrB8W22PWPYzjFxiq42RH.html]
[xbt-explorer.s3na.xyz/claim/1MTj72v3pzQeJnovwTprMNjk6RmpfvGFvd.html]
[xbt-explorer.s3na.xyz/qr/1MTj72v3pzQeJnovwTprMNjk6RmpfvGFvd.png]
[xbt-explorer.s3na.xyz/address/1MTj72v3pzQeJnovwTprMNjk6RmpfvGFvd.html]
[xbt-explorer.s3na.xyz/claim/1JXDsdqAvycH51ApezTSUwV2NcEpwjoAqp.html]
[xbt-explorer.s3na.xyz/qr/1JXDsdqAvycH51ApezTSUwV2NcEpwjoAqp.png]
[xbt-explorer.s3na.xyz/address/1JXDsdqAvycH51ApezTSUwV2NcEpwjoAqp.html]
[xbt-explorer.s3na.xyz/claim/1PcpTYxwRMPH1AtSdqZzkh5xXqp6rVbb8m.html]
[xbt-explorer.s3na.xyz/qr/1PcpTYxwRMPH1AtSdqZzkh5xXqp6rVbb8m.png]
[xbt-explorer.s3na.xyz/address/1PcpTYxwRMPH1AtSdqZzkh5xXqp6rVbb8m.html]
[xbt-explorer.s3na.xyz/claim/1MM2Mzh9QEKVzr2j32CUfoAxDFC3a99tZf.html]
[xbt-explorer.s3na.xyz/qr/1MM2Mzh9QEKVzr2j32CUfoAxDFC3a99tZf.png]
[xbt-explorer.s3na.xyz/address/1MM2Mzh9QEKVzr2j32CUfoAxDFC3a99tZf.html]
[xbt-explorer.s3na.xyz/claim/1FS2XourAy6DnwAcuGMcttTTM8tNb37S2y.html]
[xbt-explorer.s3na.xyz/qr/1FS2XourAy6DnwAcuGMcttTTM8tNb37S2y.png]
[xbt-explorer.s3na.xyz/address/1FS2XourAy6DnwAcuGMcttTTM8tNb37S2y.html]
[xbt-explorer.s3na.xyz/claim/16FKV52jxqZdqcy4u68isDX7TAtVvQX65B.html]
[xbt-explorer.s3na.xyz/qr/16FKV52jxqZdqcy4u68isDX7TAtVvQX65B.png]
[xbt-explorer.s3na.xyz/address/16FKV52jxqZdqcy4u68isDX7TAtVvQX65B.html]
[xbt-explorer.s3na.xyz/claim/1KMd92y2i7BSP2DNx2SnNNKQHDzvjsrq9S.html]
[xbt-explorer.s3na.xyz/qr/1KMd92y2i7BSP2DNx2SnNNKQHDzvjsrq9S.png]
[xbt-explorer.s3na.xyz/address/1KMd92y2i7BSP2DNx2SnNNKQHDzvjsrq9S.html]
[xbt-explorer.s3na.xyz/claim/1HrR42k1JRLFvWJcmauqKuRG43ACg2pJRV.html]
[xbt-explorer.s3na.xyz/qr/1HrR42k1JRLFvWJcmauqKuRG43ACg2pJRV.png]
[xbt-explorer.s3na.xyz/address/1HrR42k1JRLFvWJcmauqKuRG43ACg2pJRV.html]
[xbt-explorer.s3na.xyz/claim/1GcmjSaaMq3bUSHxxHLM7YCgTPvg7nNQHE.html]
[xbt-explorer.s3na.xyz/qr/1GcmjSaaMq3bUSHxxHLM7YCgTPvg7nNQHE.png]
[xbt-explorer.s3na.xyz/address/1GcmjSaaMq3bUSHxxHLM7YCgTPvg7nNQHE.html]
[xbt-explorer.s3na.xyz/claim/14oqmGqxGuLJDaLjDHDe8irkMnZpxScLbv.html]
[xbt-explorer.s3na.xyz/qr/14oqmGqxGuLJDaLjDHDe8irkMnZpxScLbv.png]
[xbt-explorer.s3na.xyz/address/14oqmGqxGuLJDaLjDHDe8irkMnZpxScLbv.html]
[xbt-explorer.s3na.xyz/claim/1Bijt62JjpKkpYXLfHjR7hRMtC5RdiLgke.html]
[xbt-explorer.s3na.xyz/qr/1Bijt62JjpKkpYXLfHjR7hRMtC5RdiLgke.png]
[xbt-explorer.s3na.xyz/address/1Bijt62JjpKkpYXLfHjR7hRMtC5RdiLgke.html]
[xbt-explorer.s3na.xyz/claim/1FbKpEG1B6YKYsAc2REurboHGotyTmHeNQ.html]
[xbt-explorer.s3na.xyz/qr/1FbKpEG1B6YKYsAc2REurboHGotyTmHeNQ.png]
[xbt-explorer.s3na.xyz/address/1FbKpEG1B6YKYsAc2REurboHGotyTmHeNQ.html]
[xbt-explorer.s3na.xyz/claim/1BSjiJY5mzqVpW1Jd97Tcrd1ySnYRkAj7x.html]
[xbt-explorer.s3na.xyz/qr/1BSjiJY5mzqVpW1Jd97Tcrd1ySnYRkAj7x.png]
[xbt-explorer.s3na.xyz/address/1BSjiJY5mzqVpW1Jd97Tcrd1ySnYRkAj7x.html]
[xbt-explorer.s3na.xyz/claim/14rnn1tqFmbmBfHA775rubZAqJ82SyGwwf.html]
[xbt-explorer.s3na.xyz/qr/14rnn1tqFmbmBfHA775rubZAqJ82SyGwwf.png]
[xbt-explorer.s3na.xyz/address/14rnn1tqFmbmBfHA775rubZAqJ82SyGwwf.html]
[xbt-explorer.s3na.xyz/claim/1LgsbKRKTcw7gYohUwntSUh6rtEWShxSH8.html]
[xbt-explorer.s3na.xyz/qr/1LgsbKRKTcw7gYohUwntSUh6rtEWShxSH8.png]
[xbt-explorer.s3na.xyz/address/1LgsbKRKTcw7gYohUwntSUh6rtEWShxSH8.html]
[xbt-explorer.s3na.xyz/claim/17SPJ7SpYpGC8x9BBxu9wHoWuapVKytMnM.html]
[xbt-explorer.s3na.xyz/qr/17SPJ7SpYpGC8x9BBxu9wHoWuapVKytMnM.png]
[xbt-explorer.s3na.xyz/address/17SPJ7SpYpGC8x9BBxu9wHoWuapVKytMnM.html]
[xbt-explorer.s3na.xyz/claim/15FJXmigvEzfD7S9cR4PiZHC9jrrC31Jbe.html]
[xbt-explorer.s3na.xyz/qr/15FJXmigvEzfD7S9cR4PiZHC9jrrC31Jbe.png]
[xbt-explorer.s3na.xyz/address/15FJXmigvEzfD7S9cR4PiZHC9jrrC31Jbe.html]
[xbt-explorer.s3na.xyz/claim/1KaWRUY2d4Pm3fwDVcpBdCTULB1DnwqenR.html]
[xbt-explorer.s3na.xyz/qr/1KaWRUY2d4Pm3fwDVcpBdCTULB1DnwqenR.png]
[xbt-explorer.s3na.xyz/address/1KaWRUY2d4Pm3fwDVcpBdCTULB1DnwqenR.html]
[xbt-explorer.s3na.xyz/claim/1CHHSwTyPe7frg8fy4YXRrFg1EGqfUAPDb.html]
[xbt-explorer.s3na.xyz/qr/1CHHSwTyPe7frg8fy4YXRrFg1EGqfUAPDb.png]
[xbt-explorer.s3na.xyz/address/1CHHSwTyPe7frg8fy4YXRrFg1EGqfUAPDb.html]
[xbt-explorer.s3na.xyz/claim/1dqKLRofDVj5KaMj2EkdiPCUuc6TZ7BRe.html]
[xbt-explorer.s3na.xyz/qr/1dqKLRofDVj5KaMj2EkdiPCUuc6TZ7BRe.png]
[xbt-explorer.s3na.xyz/address/1dqKLRofDVj5KaMj2EkdiPCUuc6TZ7BRe.html]
[xbt-explorer.s3na.xyz/claim/1J2PWknrDJRY2gRmPkbvrUjgEjEDWpJtf1.html]
[xbt-explorer.s3na.xyz/qr/1J2PWknrDJRY2gRmPkbvrUjgEjEDWpJtf1.png]
[xbt-explorer.s3na.xyz/address/1J2PWknrDJRY2gRmPkbvrUjgEjEDWpJtf1.html]
[xbt-explorer.s3na.xyz/claim/1BVMFfPXJy2TY1x6wm8gow3N5Amw4Etm5h.html]
[xbt-explorer.s3na.xyz/qr/1BVMFfPXJy2TY1x6wm8gow3N5Amw4Etm5h.png]
[xbt-explorer.s3na.xyz/address/1BVMFfPXJy2TY1x6wm8gow3N5Amw4Etm5h.html]
[xbt-explorer.s3na.xyz/claim/1L8zfQGHsbQLegNxChf4HWRETTGtWuPxgN.html]
[xbt-explorer.s3na.xyz/qr/1L8zfQGHsbQLegNxChf4HWRETTGtWuPxgN.png]
[xbt-explorer.s3na.xyz/address/1L8zfQGHsbQLegNxChf4HWRETTGtWuPxgN.html]
[xbt-explorer.s3na.xyz/claim/1P4Ce6KobTd5Ga2q4saf53PRPEf4tCmheK.html]
[xbt-explorer.s3na.xyz/qr/1P4Ce6KobTd5Ga2q4saf53PRPEf4tCmheK.png]
[xbt-explorer.s3na.xyz/address/1P4Ce6KobTd5Ga2q4saf53PRPEf4tCmheK.html]
[xbt-explorer.s3na.xyz/claim/1LkukeTemkYDxKXxkTRit6XpTVuApnw31V.html]
[xbt-explorer.s3na.xyz/qr/1LkukeTemkYDxKXxkTRit6XpTVuApnw31V.png]
[xbt-explorer.s3na.xyz/address/1LkukeTemkYDxKXxkTRit6XpTVuApnw31V.html]
[xbt-explorer.s3na.xyz/claim/13MvQ8VcpBTcELfWEpMX5NQu27kcDcNqJf.html]
[xbt-explorer.s3na.xyz/qr/13MvQ8VcpBTcELfWEpMX5NQu27kcDcNqJf.png]
[xbt-explorer.s3na.xyz/address/13MvQ8VcpBTcELfWEpMX5NQu27kcDcNqJf.html]
[xbt-explorer.s3na.xyz/claim/1AzAzX2c6wRHo2Hkv8eib7ft9z3ppq8vvL.html]
[xbt-explorer.s3na.xyz/qr/1AzAzX2c6wRHo2Hkv8eib7ft9z3ppq8vvL.png]
[xbt-explorer.s3na.xyz/address/1AzAzX2c6wRHo2Hkv8eib7ft9z3ppq8vvL.html]
[xbt-explorer.s3na.xyz/claim/16GJ6iK1S2R8XV4tjwbRzvThUUQTXYqrhW.html]
[xbt-explorer.s3na.xyz/qr/16GJ6iK1S2R8XV4tjwbRzvThUUQTXYqrhW.png]
[xbt-explorer.s3na.xyz/address/16GJ6iK1S2R8XV4tjwbRzvThUUQTXYqrhW.html]
[xbt-explorer.s3na.xyz/claim/1Mzsy7jocgs4vRNh5XQeYCE3YAoQTvEJGA.html]
[xbt-explorer.s3na.xyz/qr/1Mzsy7jocgs4vRNh5XQeYCE3YAoQTvEJGA.png]
[xbt-explorer.s3na.xyz/address/1Mzsy7jocgs4vRNh5XQeYCE3YAoQTvEJGA.html]
[xbt-explorer.s3na.xyz/claim/1NHKSD59iAGX5ZAGGMKuLrBySQDfN1gQC7.html]
[xbt-explorer.s3na.xyz/qr/1NHKSD59iAGX5ZAGGMKuLrBySQDfN1gQC7.png]
[xbt-explorer.s3na.xyz/address/1NHKSD59iAGX5ZAGGMKuLrBySQDfN1gQC7.html]
[xbt-explorer.s3na.xyz/api/getblock4e16.html]
[xbt-explorer.s3na.xyz/api/getrawtransaction9c64.html]
[xbt-explorer.s3na.xyz/api/getrawtransaction4644.html]
[xbt-explorer.s3na.xyz/api/getvotelist.html]
[xbt-explorer.s3na.xyz/tx/b3fff0a01351cfa01ab8ec2c384adb67dca74a98a5665bef1600b87f9ba5f617.html]
[xbt-explorer.s3na.xyz/block/f58cf5e9645f407522e4af9af2b3a6bcf506c91d29db29515f0c6bcbb2cf88e3.html]
[xbt-explorer.s3na.xyz/address/7XmamKonvce9CXdpynoavP7Yj2VCFBpJ8o.html]
[xbt-explorer.s3na.xyz/claim/1BtK4w7yuvtWEqmMJcjW6DqWuqXBWii2ZC.html]
[xbt-explorer.s3na.xyz/claim/12higDjoCCNXSA95xZMWUdPvXNmkAduhWv.html]
[xbt-explorer.s3na.xyz/claim/1JiTbxqmmkC9izgpC9QLcqGWbQs42PtC7r.html]
[xbt-explorer.s3na.xyz/claim/1Bwk9fkg5K8uXSszxRmsowvwk5poC7rArC.html]
[xbt-explorer.s3na.xyz/claim/19eJDWL3j3ABd17imWAZjmmPa6FGYGARL7.html]
[xbt-explorer.s3na.xyz/claim/1nBy5Z1PbAoXvDdJTs4XtfD9H6xnt8uLK.html]
[xbt-explorer.s3na.xyz/claim/1Cp18yeabUg14CNp2HGwKisDoixiGgzmeT.html]
[xbt-explorer.s3na.xyz/claim/1CEsK34o5EKSM4XB4aEpSqnK8MmyPYZnNZ.html]
[xbt-explorer.s3na.xyz/claim/1NYKUib4HVPAeJiHagfpKiQCK4GwZDrAv.html]
[xbt-explorer.s3na.xyz/claim/1NJWs6g6hQsgxqtpRxXLhZJwHYhH2P2bvx.html]
[xbt-explorer.s3na.xyz/claim/17CJvRrNdqSPN3Zs2dWfNY6GoCiMRfNG2T.html]
[xbt-explorer.s3na.xyz/claim/14CaTH9uYsNtULLm5n231yJbiufFHz2EQq.html]
[xbt-explorer.s3na.xyz/claim/1MoQZ9fFz9QQYM3pt8z9Xs99jNPwfSzMEu.html]
[xbt-explorer.s3na.xyz/claim/1s4pPJap3eCRLdgxwSKTW5gxeuXZKrRT4.html]
[xbt-explorer.s3na.xyz/claim/199QiJj1miojVSAop7gpAamscHd77r12ET.html]
[xbt-explorer.s3na.xyz/claim/12ib7dApVFvg82TXKycWBNpN8kFyiAN1dr.html]
[xbt-explorer.s3na.xyz/claim/1GsGdtcrD4xKHHpuB3gNGxonak8oqGAWp7.html]
[xbt-explorer.s3na.xyz/claim/1CHqbpBHCmtDyoCiczsR3paTkRDyb1hPSX.html]
[xbt-explorer.s3na.xyz/claim/12tkqA9xSoowkzoERHMWNKsTey55YEBqkv.html]
[xbt-explorer.s3na.xyz/claim/1KiqpqG9UwMhcc9pHGFXpz25H7wyNqQff9.html]
[xbt-explorer.s3na.xyz/claim/1Pw48g5zwghYtYUhfjMppxxZnzaUu8ognh.html]
[xbt-explorer.s3na.xyz/claim/17qpKNSNDpReWkPt7YdGoAzEnyeau3hhbE.html]
[xbt-explorer.s3na.xyz/claim/14o3HbKWdgpeMrX6fwWE95nR6XRBFMKsfp.html]
[xbt-explorer.s3na.xyz/claim/1AxP9ex3rm2LpsdM5NZ4ed3qT4asVX6E72.html]
[xbt-explorer.s3na.xyz/claim/15oCtt4tujaUQr1JicBqePsTg5Mz7AN3Ma.html]
[xbt-explorer.s3na.xyz/claim/1DwKJ6me7hppsrUbGJV9mQLGn5tsoWgs5p.html]
[xbt-explorer.s3na.xyz/claim/1YCgphExCfmKpNpyWE4LPWTmBbtmQHa4u.html]
[xbt-explorer.s3na.xyz/claim/1GdVp8gMW2MjK3L8gNWXLR8uRNFfB4Qex3.html]
[xbt-explorer.s3na.xyz/claim/1Bzfj8CAB6stiTnmhzHQhLybPHTXP75AJ7.html]
[xbt-explorer.s3na.xyz/claim/1GDghSRJegKr4EpVRtFx7rCNHsh94X4wbr.html]
[xbt-explorer.s3na.xyz/claim/1L32QXidyHxok23c7xzjHWWWBJm343WrpF.html]
[xbt-explorer.s3na.xyz/claim/1BqJLvtXpWUQ72WGs7QkSbmbunboTU6fDU.html]
[xbt-explorer.s3na.xyz/claim/16oERJ8W1Q4rKfQgWoeTZxgYxvWqarPuCA.html]
[xbt-explorer.s3na.xyz/claim/1ETcR4GvfRENL4Q3V1GLBzpJ7j2dNbRyuC.html]
[xbt-explorer.s3na.xyz/claim/1FeSRnut5MS2BdVbrLDN3jWzJZaS7EVBbU.html]
[xbt-explorer.s3na.xyz/claim/18U44wNBMSR5KrPpathaQXp9C5Su1jVpKd.html]
[xbt-explorer.s3na.xyz/claim/1K1MjKdRsj4T3Tdr7DXdPJCYuUPw8US72f.html]
[xbt-explorer.s3na.xyz/claim/1PeizMg76Cf96nUQrYg8xuoZWLQozU5zGW.html]
[xbt-explorer.s3na.xyz/claim/1B1wPLyrJ831sg1D8hnZLBG7SejXbqMMrH.html]
[xbt-explorer.s3na.xyz/claim/1Bk1e3Mcoggwz6REprVqCS9uGaH6B5EDiv.html]
[xbt-explorer.s3na.xyz/claim/19k8nToWwMGuF4HkNpzgoVAYk4viBnEs5D.html]
[xbt-explorer.s3na.xyz/claim/1PLkiRpaizMKr3U1oMN4cj6kTR7B3pWr1u.html]
[xbt-explorer.s3na.xyz/claim/1N7mAUZwHw5F3rgVRL7UpPWNZbomtbhQDy.html]
[xbt-explorer.s3na.xyz/claim/15TBLRjjPFSvpqtKXiQj5mBy8QEJw7oKzc.html]
[xbt-explorer.s3na.xyz/claim/19n1JqKDnoqcc34HA3fdgzNxczic6Hu5Pi.html]
[xbt-explorer.s3na.xyz/claim/1P8tkiZvGrXWvEDs98ZpshyNbudcHZCzSD.html]
[xbt-explorer.s3na.xyz/claim/18qXSkiudy9dBNB7eYQJR689vqkjATnSCt.html]
[xbt-explorer.s3na.xyz/claim/14HpieZ4xQGfSfZ3CNNBW6qp94ShDvPYbj.html]
[xbt-explorer.s3na.xyz/claim/12JQ6hfg2s31XLbfeSKtKKFoHXaBGJJH5W.html]
[xbt-explorer.s3na.xyz/claim/1DBTHzQSLhLepXrP4mziuiGGQvokKXcEcS.html]
[xbt-explorer.s3na.xyz/claim/17CAAKnjpvhRgSMPQ5Z2zNmFSJYbL9jPi3.html]
[xbt-explorer.s3na.xyz/claim/12vZ9sYVvRmUhLQi5iEdF8qYVcdgcQ57vp.html]
[xbt-explorer.s3na.xyz/claim/1QBFtmtSzwGMYS8gjc3xkr3U2GEWWmRJXz.html]
[xbt-explorer.s3na.xyz/claim/1BeLzz6PK942LYuhNjB7SUcqS9DShViTmb.html]
[xbt-explorer.s3na.xyz/claim/1ELScvQWtQVj219DhcNafgZrDqtR6gX6Vd.html]
[xbt-explorer.s3na.xyz/claim/18sFHF3eD25uSRrASfoPBKBaTHjk3N1cWc.html]
[xbt-explorer.s3na.xyz/claim/1LGThcZhhRaPcQv6JCyUCjrzhmLwSwoN4G.html]
[xbt-explorer.s3na.xyz/claim/1M6jdbyUvpMa54QFSyFygyH823drPRnpVb.html]
[xbt-explorer.s3na.xyz/claim/1PCeb2B4vRSyD2S9YsAErgNDTqCmBzdpco.html]
[xbt-explorer.s3na.xyz/claim/1MYTeo278NMEtJ3ihTpJLN1yEZVwdhXQsq.html]
[xbt-explorer.s3na.xyz/claim/1FMobzpPJ7oGf5mK8fbTiTM2WetUm7t4Ye.html]
[xbt-explorer.s3na.xyz/claim/1JTS3v5UVCaq1cRYSwzpfoKCdyjUfEU59o.html]
[xbt-explorer.s3na.xyz/claim/1FKVYQ37Ku2C5LVTs7wwz64tDFmJf8ouMs.html]
[xbt-explorer.s3na.xyz/claim/1EGYwUAgYWsvj39qUaogyxqAcqABXQdqXT.html]
[xbt-explorer.s3na.xyz/claim/1HYGzEjtQsmrhBAf19nd9eNvcz34RAzhRc.html]
[xbt-explorer.s3na.xyz/claim/141tFf7wKP8MpC48TYoWi7MeQcQVxFJ9LT.html]
[xbt-explorer.s3na.xyz/claim/1CZrFKSoqRZfv8nH15gzMmMTAQdqyQS2xg.html]
[xbt-explorer.s3na.xyz/claim/16LNyDKLFTyuvJVQdfe4pSZsan4SErQFG.html]
[xbt-explorer.s3na.xyz/claim/1BMT9FXbKQc9f6PWFZeKKbtPEd5JSSwLVH.html]
[xbt-explorer.s3na.xyz/claim/14iESWwr9hLugqVD6bGVGCUjindHEweiH4.html]
[xbt-explorer.s3na.xyz/claim/14xZRjQBVj78mmpz1hQFBtbTtN8aeeoN4x.html]
[xbt-explorer.s3na.xyz/claim/18CuCQzQ1PVVX81nK6QeRZi5PRrtcafAb8.html]
[xbt-explorer.s3na.xyz/claim/1DPDxCEzaZixvTSrZABKtVfFJEhkFKcBcQ.html]
[xbt-explorer.s3na.xyz/claim/1MGZkTPaTiAtn4spPNLZb4rmhmMwVBwKoN.html]
[xbt-explorer.s3na.xyz/claim/12DZjBLZQpU2pJGqNfuQscMMkxfTe2ozzN.html]
[xbt-explorer.s3na.xyz/claim/1LUPDXYf9XD9Ee1AqCuM3gZCA3ZMKgTcgw.html]
[xbt-explorer.s3na.xyz/claim/194UU2RxAV7wZJ3bUTpQ8TeRReUSASrHU6.html]
[xbt-explorer.s3na.xyz/claim/19vcWM6EEbQHVdN2W8NXv9ySgsPjbZ6gU3.html]
[xbt-explorer.s3na.xyz/claim/14pcDH1HASdMBHH5bPzn1c4xrRdLV8JofQ.html]
[xbt-explorer.s3na.xyz/claim/195ira4St8fdHNr1QVwyFNsuh9sx1zfrRi.html]
[xbt-explorer.s3na.xyz/claim/1P84ALWnwZMs8Z3J4KLftKSfBeSdcsYQPq.html]
[xbt-explorer.s3na.xyz/claim/1B5rXopXmedqWKkNV9XNxCwkKNZMbSURUM.html]
[xbt-explorer.s3na.xyz/claim/1LQ4kgSZ1wymSh4AAvjpA4mkoy98FphXZL.html]
[xbt-explorer.s3na.xyz/claim/1C7uDMzhmdgSDE8A2oa8BSakf2BBVaTDts.html]
[xbt-explorer.s3na.xyz/claim/16HC2oNNjmhXgGqf4YYZwSfRK4meVpAGm7.html]
[xbt-explorer.s3na.xyz/claim/1FLfZpiqHCmTsP5jqWW2hWkjzzxNbbnBBb.html]
[xbt-explorer.s3na.xyz/claim/1U1jTCGkQYRaDVStZdDHMFWUMoSJi4HSc.html]
[xbt-explorer.s3na.xyz/claim/1HLvaTs3zR3oev9ya7Pzp3GB9Gqfg6XYJT.html]
[xbt-explorer.s3na.xyz/claim/132FvUw1fAEoTULtn4jAfv6DvsWvCoifPR.html]
[xbt-explorer.s3na.xyz/claim/1HayFCSK1mkQP7Q8xQ26SCpBL9fJWLQYse.html]
[xbt-explorer.s3na.xyz/claim/1KCg9DuHYQgH7jkmLanCJioU3DrDawy4ab.html]
[xbt-explorer.s3na.xyz/claim/1Lu18Yf1KXBCvQw4C9MGRkHyw3CW3W3UTP.html]
[xbt-explorer.s3na.xyz/claim/167ZWTT8n6s4ya8cGjqNNQjDwDGY31vmHg.html]
[xbt-explorer.s3na.xyz/claim/1MFA2FzeHgNRY5dGGiQtPxJx3LEKBit7UP.html]
[xbt-explorer.s3na.xyz/claim/13uraL1Maba7obbhkdB4pjsqMyvqrcTeeD.html]
[xbt-explorer.s3na.xyz/claim/1FieTTbyZAP8AxhEqoBiUzpQQAzyA3SL3Q.html]
[xbt-explorer.s3na.xyz/claim/1Cuju1Sw97U1SYSYuBiMdJz3NPrjNEzJtP.html]
[xbt-explorer.s3na.xyz/claim/1Cx9EMkog8yqzAZCmkG8yR5wFZzyT63tMp.html]
[xbt-explorer.s3na.xyz/claim/1Bw1hpkUrTKRmrwJBGdZTenoFeX63zrq33.html]
[xbt-explorer.s3na.xyz/claim/151afokcfNi36j8avbvU5xM253AWkxQQsd.html]
[xbt-explorer.s3na.xyz/claim/13fZzb9M5MKEtBQTsH5EdwuzXXrBM8VYsV.html]
[xbt-explorer.s3na.xyz/claim/1CMgkhVxRMSRCPTQTjgadcC5TgkoLxGiT9.html]
[xbt-explorer.s3na.xyz/claim/138eoqfNcEdeU9EG9CKfAxnYYz62uHRNrA.html]
[xbt-explorer.s3na.xyz/claim/1JUgc68u6rKFaonCDhY9QNVjSruYW2EN2n.html]
[xbt-explorer.s3na.xyz/claim/1EMPhwUXHGURtSdt5zidbV3zPKruDTKYX9.html]
[xbt-explorer.s3na.xyz/claim/1CX8b4KNtWAfmkXyDipzPHnpTmxRDoBWrQ.html]
[xbt-explorer.s3na.xyz/claim/1XPTgDRhN8RFnzniWCddobD9iKZatrvH4.html]
[xbt-explorer.s3na.xyz/claim/1CRZpkKKAt7G5uiK4JPBjBJGnozgiatFAs.html]
[xbt-explorer.s3na.xyz/claim/15qW4a2vTWmxNbYKnnriy9exyxdqQKa8PE.html]
[xbt-explorer.s3na.xyz/claim/16WvoYoAdPRja4g5SnKxiXmGxXKTj41toS.html]
[xbt-explorer.s3na.xyz/claim/1EbSvJS9ndHdrXpH5UQ6wKNL2QefHhv1gi.html]
[xbt-explorer.s3na.xyz/claim/1CazSk3Xf9Dx6rdoPPX6WDCZi9nrP3TdL7.html]
[xbt-explorer.s3na.xyz/claim/13wZknpKnQfQXbtMzAqsyQNNGqiSjx6nEi.html]
[xbt-explorer.s3na.xyz/claim/1Gx4uS1wVKobzYxZ6nST7LHRZRZp9RdKSq.html]
[xbt-explorer.s3na.xyz/claim/1Qq9AKuMRbYdUY4hsM6q4fsCqkM6HZ7CU.html]
[xbt-explorer.s3na.xyz/claim/14PtMrZnpojXLX1JME6ckRFcEByg1Sp7mt.html]
[xbt-explorer.s3na.xyz/claim/1Npv7jaqqSpY6zHk4cdXzA8AFQyAYKSMdh.html]
[xbt-explorer.s3na.xyz/claim/1HTUNHDdppSB3sRy72wpiWsgtkdgkcJ1pF.html]
[xbt-explorer.s3na.xyz/claim/1Au8E6Ursr4zH8x4hpAKSCMyTMbWGAtMLy.html]
[xbt-explorer.s3na.xyz/claim/1BxR4uXDZzgFbTsjceezZSBVvNChjgsve1.html]
[xbt-explorer.s3na.xyz/claim/17FC81bQxkGTtg66Gz5aViXTry3tWhEHMY.html]
[xbt-explorer.s3na.xyz/claim/1Q3oJC2VnooBa3GqjpiQTfCjQXBycGvsP5.html]
[xbt-explorer.s3na.xyz/claim/19ZFpEPcdijxoBtPdfjts9MhwBcLx2C4Js.html]
[xbt-explorer.s3na.xyz/claim/15nyKuXKiKZaf6icpS64MBCb2erCgXh3i7.html]
[xbt-explorer.s3na.xyz/claim/1KHALsFTQNeke4Ky5iuAWPMBf3yRXky4us.html]
[xbt-explorer.s3na.xyz/claim/1CumVd3NXcFwTsudmiFfLmiUrceGm3JWYL.html]
[xbt-explorer.s3na.xyz/claim/1Ff2xcJtfWWiNRCTUuTng6TJQm3g8h61Y2.html]
[xbt-explorer.s3na.xyz/claim/1GEECfBjkeUMCf3TNWCHvXZKKjnjjra7tC.html]
[xbt-explorer.s3na.xyz/claim/1PREkEVoQcNa6rrB8W22PWPYzjFxiq42RH.html]
[xbt-explorer.s3na.xyz/claim/1MTj72v3pzQeJnovwTprMNjk6RmpfvGFvd.html]
[xbt-explorer.s3na.xyz/claim/1JXDsdqAvycH51ApezTSUwV2NcEpwjoAqp.html]
[xbt-explorer.s3na.xyz/claim/1PcpTYxwRMPH1AtSdqZzkh5xXqp6rVbb8m.html]
[xbt-explorer.s3na.xyz/claim/1MM2Mzh9QEKVzr2j32CUfoAxDFC3a99tZf.html]
[xbt-explorer.s3na.xyz/claim/1FS2XourAy6DnwAcuGMcttTTM8tNb37S2y.html]
[xbt-explorer.s3na.xyz/claim/16FKV52jxqZdqcy4u68isDX7TAtVvQX65B.html]
[xbt-explorer.s3na.xyz/claim/1KMd92y2i7BSP2DNx2SnNNKQHDzvjsrq9S.html]
[xbt-explorer.s3na.xyz/claim/1HrR42k1JRLFvWJcmauqKuRG43ACg2pJRV.html]
[xbt-explorer.s3na.xyz/claim/1GcmjSaaMq3bUSHxxHLM7YCgTPvg7nNQHE.html]
[xbt-explorer.s3na.xyz/claim/14oqmGqxGuLJDaLjDHDe8irkMnZpxScLbv.html]
[xbt-explorer.s3na.xyz/claim/1Bijt62JjpKkpYXLfHjR7hRMtC5RdiLgke.html]
[xbt-explorer.s3na.xyz/claim/1FbKpEG1B6YKYsAc2REurboHGotyTmHeNQ.html]
[xbt-explorer.s3na.xyz/claim/1BSjiJY5mzqVpW1Jd97Tcrd1ySnYRkAj7x.html]
[xbt-explorer.s3na.xyz/claim/14rnn1tqFmbmBfHA775rubZAqJ82SyGwwf.html]
[xbt-explorer.s3na.xyz/claim/1LgsbKRKTcw7gYohUwntSUh6rtEWShxSH8.html]
[xbt-explorer.s3na.xyz/claim/17SPJ7SpYpGC8x9BBxu9wHoWuapVKytMnM.html]
[xbt-explorer.s3na.xyz/claim/15FJXmigvEzfD7S9cR4PiZHC9jrrC31Jbe.html]
[xbt-explorer.s3na.xyz/claim/1KaWRUY2d4Pm3fwDVcpBdCTULB1DnwqenR.html]
[xbt-explorer.s3na.xyz/claim/1CHHSwTyPe7frg8fy4YXRrFg1EGqfUAPDb.html]
[xbt-explorer.s3na.xyz/claim/1dqKLRofDVj5KaMj2EkdiPCUuc6TZ7BRe.html]
[xbt-explorer.s3na.xyz/claim/1J2PWknrDJRY2gRmPkbvrUjgEjEDWpJtf1.html]
[xbt-explorer.s3na.xyz/claim/1BVMFfPXJy2TY1x6wm8gow3N5Amw4Etm5h.html]
[xbt-explorer.s3na.xyz/claim/1L8zfQGHsbQLegNxChf4HWRETTGtWuPxgN.html]
[xbt-explorer.s3na.xyz/claim/1P4Ce6KobTd5Ga2q4saf53PRPEf4tCmheK.html]
[xbt-explorer.s3na.xyz/claim/1LkukeTemkYDxKXxkTRit6XpTVuApnw31V.html]
[xbt-explorer.s3na.xyz/claim/13MvQ8VcpBTcELfWEpMX5NQu27kcDcNqJf.html]
[xbt-explorer.s3na.xyz/claim/1AzAzX2c6wRHo2Hkv8eib7ft9z3ppq8vvL.html]
[xbt-explorer.s3na.xyz/claim/16GJ6iK1S2R8XV4tjwbRzvThUUQTXYqrhW.html]
[xbt-explorer.s3na.xyz/claim/1Mzsy7jocgs4vRNh5XQeYCE3YAoQTvEJGA.html]
[xbt-explorer.s3na.xyz/claim/1NHKSD59iAGX5ZAGGMKuLrBySQDfN1gQC7.html]
